Component: ARM Compiler 5.06 update 7 (build 960) Tool: armlink [4d3601]

==============================================================================

Section Cross References

    main.o(i.CLK_Config) refers to stm32f4xx_rcc.o(i.RCC_APB2PeriphClockCmd) for RCC_APB2PeriphClockCmd
    main.o(i.DMP_MPU_Config) refers to i2cdev.o(i.I2C2_Init) for I2C2_Init
    main.o(i.DMP_MPU_Config) refers to mpu6050.o(i.MPU6050) for MPU6050
    main.o(i.DMP_MPU_Config) refers to mpu6050.o(i.MPUinitialize) for MPUinitialize
    main.o(i.DMP_MPU_Config) refers to mpu6050.o(i.MPUtestConnection) for MPUtestConnection
    main.o(i.DMP_MPU_Config) refers to mpu6050_6axis_motionapps20.o(i.MPUdmpInitialize) for MPUdmpInitialize
    main.o(i.DMP_MPU_Config) refers to mpu6050.o(i.MPUsetDMPEnabled) for MPUsetDMPEnabled
    main.o(i.DMP_MPU_Config) refers to mpu6050.o(i.MPUgetIntStatus) for MPUgetIntStatus
    main.o(i.DMP_MPU_Config) refers to mpu6050_6axis_motionapps20.o(i.MPUdmpGetFIFOPacketSize) for MPUdmpGetFIFOPacketSize
    main.o(i.DMP_MPU_Config) refers to i2cdev.o(i.I2C2_RX_DMA_Init) for I2C2_RX_DMA_Init
    main.o(i.DMP_MPU_Config) refers to main.o(.data) for .data
    main.o(i.PWM_Config) refers to stm32f4xx_rcc.o(i.RCC_AHB1PeriphClockCmd) for RCC_AHB1PeriphClockCmd
    main.o(i.PWM_Config) refers to stm32f4xx_rcc.o(i.RCC_APB1PeriphClockCmd) for RCC_APB1PeriphClockCmd
    main.o(i.PWM_Config) refers to stm32f4xx_gpio.o(i.GPIO_Init) for GPIO_Init
    main.o(i.PWM_Config) refers to stm32f4xx_gpio.o(i.GPIO_PinAFConfig) for GPIO_PinAFConfig
    main.o(i.PWM_Config) refers to stm32f4xx_tim.o(i.TIM_TimeBaseInit) for TIM_TimeBaseInit
    main.o(i.PWM_Config) refers to stm32f4xx_tim.o(i.TIM_OC1Init) for TIM_OC1Init
    main.o(i.PWM_Config) refers to stm32f4xx_tim.o(i.TIM_OC1PreloadConfig) for TIM_OC1PreloadConfig
    main.o(i.PWM_Config) refers to stm32f4xx_tim.o(i.TIM_OC2Init) for TIM_OC2Init
    main.o(i.PWM_Config) refers to stm32f4xx_tim.o(i.TIM_OC2PreloadConfig) for TIM_OC2PreloadConfig
    main.o(i.PWM_Config) refers to stm32f4xx_tim.o(i.TIM_OC3Init) for TIM_OC3Init
    main.o(i.PWM_Config) refers to stm32f4xx_tim.o(i.TIM_OC3PreloadConfig) for TIM_OC3PreloadConfig
    main.o(i.PWM_Config) refers to stm32f4xx_tim.o(i.TIM_OC4Init) for TIM_OC4Init
    main.o(i.PWM_Config) refers to stm32f4xx_tim.o(i.TIM_OC4PreloadConfig) for TIM_OC4PreloadConfig
    main.o(i.PWM_Config) refers to stm32f4xx_tim.o(i.TIM_ARRPreloadConfig) for TIM_ARRPreloadConfig
    main.o(i.PWM_Config) refers to stm32f4xx_tim.o(i.TIM_Cmd) for TIM_Cmd
    main.o(i.PWM_Config) refers to main.o(.bss) for .bss
    main.o(i.RW_SRAM) refers to tasks.o(i.vTaskResume) for vTaskResume
    main.o(i.RW_SRAM) refers to tasks.o(i.vTaskDelay) for vTaskDelay
    main.o(i.RW_SRAM) refers to main.o(.data) for .data
    main.o(i.RW_SRAM) refers to main.o(.bss) for .bss
    main.o(i.ReadPS2) refers to ps2_ctrl.o(i.PS2_Pin_Config) for PS2_Pin_Config
    main.o(i.ReadPS2) refers to ps2_ctrl.o(i.PS2_readGamePad) for PS2_readGamePad
    main.o(i.ReadPS2) refers to ps2_ctrl.o(i.Digital) for Digital
    main.o(i.ReadPS2) refers to ps2_ctrl.o(i.Analog) for Analog
    main.o(i.ReadPS2) refers to tasks.o(i.vTaskResume) for vTaskResume
    main.o(i.ReadPS2) refers to tasks.o(i.vTaskDelay) for vTaskDelay
    main.o(i.ReadPS2) refers to main.o(.data) for .data
    main.o(i.SRAM_Config) refers to stm32f4xx_rcc.o(i.RCC_AHB1PeriphClockCmd) for RCC_AHB1PeriphClockCmd
    main.o(i.SRAM_Config) refers to stm32f4xx_rcc.o(i.RCC_APB1PeriphClockCmd) for RCC_APB1PeriphClockCmd
    main.o(i.SRAM_Config) refers to stm32f4xx_pwr.o(i.PWR_BackupAccessCmd) for PWR_BackupAccessCmd
    main.o(i.SRAM_Config) refers to stm32f4xx_pwr.o(i.PWR_BackupRegulatorCmd) for PWR_BackupRegulatorCmd
    main.o(i.SRAM_Config) refers to stm32f4xx_pwr.o(i.PWR_GetFlagStatus) for PWR_GetFlagStatus
    main.o(i.TR_Serial) refers to main.o(i.UART_DMA_Config) for UART_DMA_Config
    main.o(i.TR_Serial) refers to rt_memcpy_w.o(.text) for __aeabi_memcpy4
    main.o(i.TR_Serial) refers to main.o(i.struct_to_byte) for struct_to_byte
    main.o(i.TR_Serial) refers to tasks.o(i.vTaskSuspend) for vTaskSuspend
    main.o(i.TR_Serial) refers to stm32f4xx_dma.o(i.DMA_GetFlagStatus) for DMA_GetFlagStatus
    main.o(i.TR_Serial) refers to stm32f4xx_dma.o(i.DMA_ClearFlag) for DMA_ClearFlag
    main.o(i.TR_Serial) refers to tasks.o(i.vTaskDelay) for vTaskDelay
    main.o(i.TR_Serial) refers to main.o(.bss) for .bss
    main.o(i.UART_DMA_Config) refers to stm32f4xx_rcc.o(i.RCC_AHB1PeriphClockCmd) for RCC_AHB1PeriphClockCmd
    main.o(i.UART_DMA_Config) refers to stm32f4xx_rcc.o(i.RCC_APB1PeriphClockCmd) for RCC_APB1PeriphClockCmd
    main.o(i.UART_DMA_Config) refers to stm32f4xx_gpio.o(i.GPIO_Init) for GPIO_Init
    main.o(i.UART_DMA_Config) refers to stm32f4xx_gpio.o(i.GPIO_PinAFConfig) for GPIO_PinAFConfig
    main.o(i.UART_DMA_Config) refers to stm32f4xx_usart.o(i.USART_Init) for USART_Init
[...]
    ..\\LIB\\Stm32_Lib\\src\\stm32f4xx_qspi.c 0x00000000   Number         0  stm32f4xx_qspi.o ABSOLUTE
    ..\\LIB\\Stm32_Lib\\src\\stm32f4xx_rcc.c 0x00000000   Number         0  stm32f4xx_rcc.o ABSOLUTE
    ..\\LIB\\Stm32_Lib\\src\\stm32f4xx_rng.c 0x00000000   Number         0  stm32f4xx_rng.o ABSOLUTE
    ..\\LIB\\Stm32_Lib\\src\\stm32f4xx_rtc.c 0x00000000   Number         0  stm32f4xx_rtc.o ABSOLUTE
    ..\\LIB\\Stm32_Lib\\src\\stm32f4xx_sai.c 0x00000000   Number         0  stm32f4xx_sai.o ABSOLUTE
    ..\\LIB\\Stm32_Lib\\src\\stm32f4xx_sdio.c 0x00000000   Number         0  stm32f4xx_sdio.o ABSOLUTE
    ..\\LIB\\Stm32_Lib\\src\\stm32f4xx_spdifrx.c 0x00000000   Number         0  stm32f4xx_spdifrx.o ABSOLUTE
    ..\\LIB\\Stm32_Lib\\src\\stm32f4xx_spi.c 0x00000000   Number         0  stm32f4xx_spi.o ABSOLUTE
    ..\\LIB\\Stm32_Lib\\src\\stm32f4xx_syscfg.c 0x00000000   Number         0  stm32f4xx_syscfg.o ABSOLUTE
    ..\\LIB\\Stm32_Lib\\src\\stm32f4xx_tim.c 0x00000000   Number         0  stm32f4xx_tim.o ABSOLUTE
    ..\\LIB\\Stm32_Lib\\src\\stm32f4xx_usart.c 0x00000000   Number         0  stm32f4xx_usart.o ABSOLUTE
    ..\\LIB\\Stm32_Lib\\src\\stm32f4xx_wwdg.c 0x00000000   Number         0  stm32f4xx_wwdg.o ABSOLUTE
    dc.s                                     0x00000000   Number         0  dc.o ABSOLUTE
    main.c                                   0x00000000   Number         0  main.o ABSOLUTE
    main.c                                   0x00000000   Number         0  main.o ABSOLUTE
    stm32f4xx_it.c                           0x00000000   Number         0  stm32f4xx_it.o ABSOLUTE
    stm32f4xx_it.c                           0x00000000   Number         0  stm32f4xx_it.o ABSOLUTE
    system_stm32f4xx.c                       0x00000000   Number         0  system_stm32f4xx.o ABSOLUTE
    system_stm32f4xx.c                       0x00000000   Number         0  system_stm32f4xx.o ABSOLUTE
    RESET                                    0x08000000   Section      392  startup_stm32f40_41xxx.o(RESET)
    !!!main                                  0x08000188   Section        8  __main.o(!!!main)
    !!!scatter                               0x08000190   Section       52  __scatter.o(!!!scatter)
    !!handler_copy                           0x080001c4   Section       26  __scatter_copy.o(!!handler_copy)
    !!handler_zi                             0x080001e0   Section       28  __scatter_zi.o(!!handler_zi)
    .ARM.Collect$$libinit$$00000000          0x080001fc   Section        2  libinit.o(.ARM.Collect$$libinit$$00000000)
    .ARM.Collect$$libinit$$00000001          0x080001fe   Section        4  libinit2.o(.ARM.Collect$$libinit$$00000001)
    .ARM.Collect$$libinit$$00000004          0x08000202   Section        0  libinit2.o(.ARM.Collect$$libinit$$00000004)
    .ARM.Collect$$libinit$$0000000A          0x08000202   Section        0  libinit2.o(.ARM.Collect$$libinit$$0000000A)
    .ARM.Collect$$libinit$$0000000C          0x08000202   Section        0  libinit2.o(.ARM.Collect$$libinit$$0000000C)
    .ARM.Collect$$libinit$$0000000E          0x08000202   Section        0  libinit2.o(.ARM.Collect$$libinit$$0000000E)
    .ARM.Collect$$libinit$$00000011          0x08000202   Section        0  libinit2.o(.ARM.Collect$$libinit$$00000011)
    .ARM.Collect$$libinit$$00000013          0x08000202   Section        0  libinit2.o(.ARM.Collect$$libinit$$00000013)
    .ARM.Collect$$libinit$$00000015          0x08000202   Section        0  libinit2.o(.ARM.Collect$$libinit$$00000015)
    .ARM.Collect$$libinit$$00000017          0x08000202   Section        0  libinit2.o(.ARM.Collect$$libinit$$00000017)
    .ARM.Collect$$libinit$$00000019          0x08000202   Section        0  libinit2.o(.ARM.Collect$$libinit$$00000019)
    .ARM.Collect$$libinit$$0000001B          0x08000202   Section        0  libinit2.o(.ARM.Collect$$libinit$$0000001B)
    .ARM.Collect$$libinit$$0000001D          0x08000202   Section        0  libinit2.o(.ARM.Collect$$libinit$$0000001D)
    .ARM.Collect$$libinit$$0000001F          0x08000202   Section        0  libinit2.o(.ARM.Collect$$libinit$$0000001F)
    .ARM.Collect$$libinit$$00000021          0x08000202   Section        0  libinit2.o(.ARM.Collect$$libinit$$00000021)
    .ARM.Collect$$libinit$$00000023          0x08000202   Section        0  libinit2.o(.ARM.Collect$$libinit$$00000023)
    .ARM.Collect$$libinit$$00000025          0x08000202   Section        0  libinit2.o(.ARM.Collect$$libinit$$00000025)
    .ARM.Collect$$libinit$$0000002C          0x08000202   Section        0  libinit2.o(.ARM.Collect$$libinit$$0000002C)
    .ARM.Collect$$libinit$$0000002E          0x08000202   Section        0  libinit2.o(.ARM.Collect$$libinit$$0000002E)
    .ARM.Collect$$libinit$$00000030          0x08000202   Section        0  libinit2.o(.ARM.Collect$$libinit$$00000030)
    .ARM.Collect$$libinit$$00000032          0x08000202   Section        0  libinit2.o(.ARM.Collect$$libinit$$00000032)
    .ARM.Collect$$libinit$$00000033          0x08000202   Section        2  libinit2.o(.ARM.Collect$$libinit$$00000033)
    .ARM.Collect$$libshutdown$$00000000      0x08000204   Section        2  libshutdown.o(.ARM.Collect$$libshutdown$$00000000)
    .ARM.Collect$$libshutdown$$00000002      0x08000206   Section        0  libshutdown2.o(.ARM.Collect$$libshutdown$$00000002)
    .ARM.Collect$$libshutdown$$00000004      0x08000206   Section        0  libshutdown2.o(.ARM.Collect$$libshutdown$$00000004)
    .ARM.Collect$$libshutdown$$00000006      0x08000206   Section        0  libshutdown2.o(.ARM.Collect$$libshutdown$$00000006)
    .ARM.Collect$$libshutdown$$00000009      0x08000206   Section        0  libshutdown2.o(.ARM.Collect$$libshutdown$$00000009)
    .ARM.Collect$$libshutdown$$0000000C      0x08000206   Section        0  libshutdown2.o(.ARM.Collect$$libshutdown$$0000000C)
    .ARM.Collect$$libshutdown$$0000000E      0x08000206   Section        0  libshutdown2.o(.ARM.Collect$$libshutdown$$0000000E)
    .ARM.Collect$$libshutdown$$00000011      0x08000206   Section        0  libshutdown2.o(.ARM.Collect$$libshutdown$$00000011)
    .ARM.Collect$$libshutdown$$00000012      0x08000206   Section        2  libshutdown2.o(.ARM.Collect$$libshutdown$$00000012)
    .ARM.Collect$$rtentry$$00000000          0x08000208   Section        0  __rtentry.o(.ARM.Collect$$rtentry$$00000000)
    .ARM.Collect$$rtentry$$00000002          0x08000208   Section        0  __rtentry2.o(.ARM.Collect$$rtentry$$00000002)
    .ARM.Collect$$rtentry$$00000004          0x08000208   Section        6  __rtentry4.o(.ARM.Collect$$rtentry$$00000004)
    .ARM.Collect$$rtentry$$00000009          0x0800020e   Section        0  __rtentry2.o(.ARM.Collect$$rtentry$$00000009)
    .ARM.Collect$$rtentry$$0000000A          0x0800020e   Section        4  __rtentry2.o(.ARM.Collect$$rtentry$$0000000A)
    .ARM.Collect$$rtentry$$0000000C          0x08000212   Section        0  __rtentry2.o(.ARM.Collect$$rtentry$$0000000C)
    .ARM.Collect$$rtentry$$0000000D          0x08000212   Section        8  __rtentry2.o(.ARM.Collect$$rtentry$$0000000D)
    .ARM.Collect$$rtexit$$00000000           0x0800021a   Section        2  rtexit.o(.ARM.Collect$$rtexit$$00000000)
    .ARM.Collect$$rtexit$$00000002           0x0800021c   Section        0  rtexit2.o(.ARM.Collect$$rtexit$$00000002)
    .ARM.Collect$$rtexit$$00000003           0x0800021c   Section        4  rtexit2.o(.ARM.Collect$$rtexit$$00000003)
    .ARM.Collect$$rtexit$$00000004           0x08000220   Section        6  rtexit2.o(.ARM.Collect$$rtexit$$00000004)
    .emb_text                                0x08000228   Section      168  port.o(.emb_text)
    $v0                                      0x08000228   Number         0  port.o(.emb_text)
    .text                                    0x080002d0   Section       64  startup_stm32f40_41xxx.o(.text)
    $v0                                      0x080002d0   Number         0  startup_stm32f40_41xxx.o(.text)
    .text                                    0x08000310   Section      138  rt_memcpy_v6.o(.text)
    .text                                    0x0800039a   Section      100  rt_memcpy_w.o(.text)
    .text                                    0x080003fe   Section       16  aeabi_memset.o(.text)
    .text                                    0x0800040e   Section       86  strncpy.o(.text)
    .text                                    0x08000464   Section        0  heapauxi.o(.text)
    .text                                    0x0800046a   Section       68  rt_memclr.o(.text)
    .text                                    0x080004ae   Section       78  rt_memclr_w.o(.text)
    .text                                    0x080004fc   Section        8  libspace.o(.text)
    .text                                    0x08000504   Section       74  sys_stackheap_outer.o(.text)
    .text                                    0x0800054e   Section        0  exit.o(.text)
    .text                                    0x08000560   Section        0  sys_exit.o(.text)
    .text                                    0x0800056c   Section        2  use_no_semi.o(.text)
    .text                                    0x0800056e   Section        0  indicate_semi.o(.text)
    i.Analog                                 0x08000570   Section        0  ps2_ctrl.o(i.Analog)
    i.BusFault_Handler                       0x0800057c   Section        0  stm32f4xx_it.o(i.BusFault_Handler)
    i.Button                                 0x08000580   Section        0  ps2_ctrl.o(i.Button)
    i.ButtonPressed                          0x08000590   Section        0  ps2_ctrl.o(i.ButtonPressed)
    i.CLK_Config                             0x080005a6   Section        0  main.o(i.CLK_Config)
    i.DMA1_Stream2_IRQHandler                0x080005b0   Section        0  i2cdev.o(i.DMA1_Stream2_IRQHandler)
    i.DMA_ClearFlag                          0x080005e8   Section        0  stm32f4xx_dma.o(i.DMA_ClearFlag)
    i.DMA_Cmd                                0x08000614   Section        0  stm32f4xx_dma.o(i.DMA_Cmd)
    i.DMA_GetFlagStatus                      0x0800062c   Section        0  stm32f4xx_dma.o(i.DMA_GetFlagStatus)
    i.DMA_Init                               0x08000660   Section        0  stm32f4xx_dma.o(i.DMA_Init)
    i.DebugMon_Handler                       0x080006b4   Section        0  stm32f4xx_it.o(i.DebugMon_Handler)
    i.Digital                                0x080006b6   Section        0  ps2_ctrl.o(i.Digital)
    i.GPIO_Init                              0x0800076c   Section        0  stm32f4xx_gpio.o(i.GPIO_Init)
    i.GPIO_PinAFConfig                       0x080007e8   Section        0  stm32f4xx_gpio.o(i.GPIO_PinAFConfig)
    i.GPIO_ReadInputDataBit                  0x08000808   Section        0  stm32f4xx_gpio.o(i.GPIO_ReadInputDataBit)
    i.GPIO_WriteBit                          0x08000816   Section        0  stm32f4xx_gpio.o(i.GPIO_WriteBit)
    i.HardFault_Handler                      0x08000824   Section        0  stm32f4xx_it.o(i.HardFault_Handler)
    i.I2C_AcknowledgeConfig                  0x08000826   Section        0  stm32f4xx_i2c.o(i.I2C_AcknowledgeConfig)
    i.MemManage_Handler                      0x0800083e   Section        0  stm32f4xx_it.o(i.MemManage_Handler)
    i.NMI_Handler                            0x08000840   Section        0  stm32f4xx_it.o(i.NMI_Handler)
    i.NewButtonState                         0x08000844   Section        0  ps2_ctrl.o(i.NewButtonState)
    i.PS2_Pin_Config                         0x0800085c   Section        0  ps2_ctrl.o(i.PS2_Pin_Config)
    i.PS2_readGamePad                        0x080008a4   Section        0  ps2_ctrl.o(i.PS2_readGamePad)
    i.PS2_reconfigGamePad                    0x0800096c   Section        0  ps2_ctrl.o(i.PS2_reconfigGamePad)
    i.PS2_sendCommandString                  0x08000994   Section        0  ps2_ctrl.o(i.PS2_sendCommandString)
    i.PWM_Config                             0x080009dc   Section        0  main.o(i.PWM_Config)
    i.PWR_BackupAccessCmd                    0x08000c34   Section        0  stm32f4xx_pwr.o(i.PWR_BackupAccessCmd)
    i.PWR_BackupRegulatorCmd                 0x08000c40   Section        0  stm32f4xx_pwr.o(i.PWR_BackupRegulatorCmd)
    i.PWR_GetFlagStatus                      0x08000c4c   Section        0  stm32f4xx_pwr.o(i.PWR_GetFlagStatus)
    i.RCC_AHB1PeriphClockCmd                 0x08000c60   Section        0  stm32f4xx_rcc.o(i.RCC_AHB1PeriphClockCmd)
    i.RCC_APB1PeriphClockCmd                 0x08000c7c   Section        0  stm32f4xx_rcc.o(i.RCC_APB1PeriphClockCmd)
    i.RCC_APB2PeriphClockCmd                 0x08000c98   Section        0  stm32f4xx_rcc.o(i.RCC_APB2PeriphClockCmd)
    i.RCC_GetClocksFreq                      0x08000cb4   Section        0  stm32f4xx_rcc.o(i.RCC_GetClocksFreq)
    i.RW_SRAM                                0x08000d54   Section        0  main.o(i.RW_SRAM)
    RW_SRAM                                  0x08000d55   Thumb Code   146  main.o(i.RW_SRAM)
    i.ReadPS2                                0x08000df4   Section        0  main.o(i.ReadPS2)
    ReadPS2                                  0x08000df5   Thumb Code    88  main.o(i.ReadPS2)
    i.SRAM_Config                            0x08000e54   Section        0  main.o(i.SRAM_Config)
    i.SetSysClock                            0x08000e80   Section        0  system_stm32f4xx.o(i.SetSysClock)
    SetSysClock                              0x08000e81   Thumb Code   168  system_stm32f4xx.o(i.SetSysClock)
    i.SysTick_Handler                        0x08000f38   Section        0  port.o(i.SysTick_Handler)
    i.SystemInit                             0x08000f58   Section        0  system_stm32f4xx.o(i.SystemInit)
    i.TIM_ARRPreloadConfig                   0x08000fb4   Section        0  stm32f4xx_tim.o(i.TIM_ARRPreloadConfig)
    i.TIM_Cmd                                0x08000fcc   Section        0  stm32f4xx_tim.o(i.TIM_Cmd)
    i.TIM_OC1Init                            0x08000fe4   Section        0  stm32f4xx_tim.o(i.TIM_OC1Init)
    i.TIM_OC1PreloadConfig                   0x0800104c   Section        0  stm32f4xx_tim.o(i.TIM_OC1PreloadConfig)
    i.TIM_OC2Init                            0x08001058   Section        0  stm32f4xx_tim.o(i.TIM_OC2Init)
    i.TIM_OC2PreloadConfig                   0x080010e0   Section        0  stm32f4xx_tim.o(i.TIM_OC2PreloadConfig)
    i.TIM_OC3Init                            0x080010f4   Section        0  stm32f4xx_tim.o(i.TIM_OC3Init)
    i.TIM_OC3PreloadConfig                   0x08001178   Section        0  stm32f4xx_tim.o(i.TIM_OC3PreloadConfig)
    i.TIM_OC4Init                            0x08001184   Section        0  stm32f4xx_tim.o(i.TIM_OC4Init)
    i.TIM_OC4PreloadConfig                   0x080011e8   Section        0  stm32f4xx_tim.o(i.TIM_OC4PreloadConfig)
    i.TIM_TimeBaseInit                       0x080011fc   Section        0  stm32f4xx_tim.o(i.TIM_TimeBaseInit)
    i.TR_Serial                              0x08001278   Section        0  main.o(i.TR_Serial)
    TR_Serial                                0x08001279   Thumb Code   238  main.o(i.TR_Serial)
    i.UART_DMA_Config                        0x08001378   Section        0  main.o(i.UART_DMA_Config)
    i.USART_Cmd                              0x080014c0   Section        0  stm32f4xx_usart.o(i.USART_Cmd)
    i.USART_DMACmd                           0x080014d8   Section        0  stm32f4xx_usart.o(i.USART_DMACmd)
    i.USART_Init                             0x080014ec   Section        0  stm32f4xx_usart.o(i.USART_Init)
    i.UpdatePWM                              0x080015a8   Section        0  main.o(i.UpdatePWM)
    UpdatePWM                                0x080015a9   Thumb Code   368  main.o(i.UpdatePWM)
    i.UsageFault_Handler                     0x08001728   Section        0  stm32f4xx_it.o(i.UsageFault_Handler)
    i._gamepad_shiftinout                    0x0800172c   Section        0  ps2_ctrl.o(i._gamepad_shiftinout)
    i.main                                   0x080017b0   Section        0  main.o(i.main)
    i.prvAddCurrentTaskToDelayedList         0x08001874   Section        0  tasks.o(i.prvAddCurrentTaskToDelayedList)
    prvAddCurrentTaskToDelayedList           0x08001875   Thumb Code    50  tasks.o(i.prvAddCurrentTaskToDelayedList)
    i.prvAllocateTCBAndStack                 0x080018ac   Section        0  tasks.o(i.prvAllocateTCBAndStack)
    prvAllocateTCBAndStack                   0x080018ad   Thumb Code    56  tasks.o(i.prvAllocateTCBAndStack)
    i.prvCheckForValidListAndQueue           0x080018e4   Section        0  timers.o(i.prvCheckForValidListAndQueue)
    prvCheckForValidListAndQueue             0x080018e5   Thumb Code    54  timers.o(i.prvCheckForValidListAndQueue)
    i.prvCheckTasksWaitingTermination        0x08001924   Section        0  tasks.o(i.prvCheckTasksWaitingTermination)
    prvCheckTasksWaitingTermination          0x08001925   Thumb Code    74  tasks.o(i.prvCheckTasksWaitingTermination)
    i.prvCopyDataFromQueue                   0x08001978   Section        0  queue.o(i.prvCopyDataFromQueue)
    prvCopyDataFromQueue                     0x08001979   Thumb Code    40  queue.o(i.prvCopyDataFromQueue)
    i.prvCopyDataToQueue                     0x080019a0   Section        0  queue.o(i.prvCopyDataToQueue)
    prvCopyDataToQueue                       0x080019a1   Thumb Code    92  queue.o(i.prvCopyDataToQueue)
    i.prvDeleteTCB                           0x080019fc   Section        0  tasks.o(i.prvDeleteTCB)
    prvDeleteTCB                             0x080019fd   Thumb Code    20  tasks.o(i.prvDeleteTCB)
    i.prvGetNextExpireTime                   0x08001a10   Section        0  timers.o(i.prvGetNextExpireTime)
    prvGetNextExpireTime                     0x08001a11   Thumb Code    30  timers.o(i.prvGetNextExpireTime)
    i.prvIdleTask                            0x08001a34   Section        0  tasks.o(i.prvIdleTask)
    prvIdleTask                              0x08001a35   Thumb Code    18  tasks.o(i.prvIdleTask)
    i.prvInitialiseTCBVariables              0x08001a4c   Section        0  tasks.o(i.prvInitialiseTCBVariables)
    prvInitialiseTCBVariables                0x08001a4d   Thumb Code    58  tasks.o(i.prvInitialiseTCBVariables)
    i.prvInitialiseTaskLists                 0x08001a88   Section        0  tasks.o(i.prvInitialiseTaskLists)
    prvInitialiseTaskLists                   0x08001a89   Thumb Code    78  tasks.o(i.prvInitialiseTaskLists)
    i.prvInsertTimerInActiveList             0x08001ae0   Section        0  timers.o(i.prvInsertTimerInActiveList)
    prvInsertTimerInActiveList               0x08001ae1   Thumb Code    60  timers.o(i.prvInsertTimerInActiveList)
    i.prvIsQueueEmpty                        0x08001b20   Section        0  queue.o(i.prvIsQueueEmpty)
    prvIsQueueEmpty                          0x08001b21   Thumb Code    26  queue.o(i.prvIsQueueEmpty)
    i.prvIsQueueFull                         0x08001b3a   Section        0  queue.o(i.prvIsQueueFull)
    prvIsQueueFull                           0x08001b3b   Thumb Code    30  queue.o(i.prvIsQueueFull)
    i.prvProcessExpiredTimer                 0x08001b58   Section        0  timers.o(i.prvProcessExpiredTimer)
    prvProcessExpiredTimer                   0x08001b59   Thumb Code    80  timers.o(i.prvProcessExpiredTimer)
    i.prvProcessReceivedCommands             0x08001bac   Section        0  timers.o(i.prvProcessReceivedCommands)
    prvProcessReceivedCommands               0x08001bad   Thumb Code   160  timers.o(i.prvProcessReceivedCommands)
    i.prvProcessTimerOrBlockTask             0x08001c50   Section        0  timers.o(i.prvProcessTimerOrBlockTask)
    prvProcessTimerOrBlockTask               0x08001c51   Thumb Code    72  timers.o(i.prvProcessTimerOrBlockTask)
    i.prvSampleTimeNow                       0x08001c9c   Section        0  timers.o(i.prvSampleTimeNow)
    prvSampleTimeNow                         0x08001c9d   Thumb Code    38  timers.o(i.prvSampleTimeNow)
    i.prvSetupTimerInterrupt                 0x08001cc8   Section        0  port.o(i.prvSetupTimerInterrupt)
    prvSetupTimerInterrupt                   0x08001cc9   Thumb Code    24  port.o(i.prvSetupTimerInterrupt)
    i.prvSwitchTimerLists                    0x08001ce8   Section        0  timers.o(i.prvSwitchTimerLists)
    prvSwitchTimerLists                      0x08001ce9   Thumb Code    96  timers.o(i.prvSwitchTimerLists)
    i.prvTimerTask                           0x08001d4c   Section        0  timers.o(i.prvTimerTask)
    prvTimerTask                             0x08001d4d   Thumb Code    20  timers.o(i.prvTimerTask)
    i.prvUnlockQueue                         0x08001d60   Section        0  queue.o(i.prvUnlockQueue)
    prvUnlockQueue                           0x08001d61   Thumb Code   100  queue.o(i.prvUnlockQueue)
    i.pvPortMalloc                           0x08001dc4   Section        0  heap_2.o(i.pvPortMalloc)
    i.pxPortInitialiseStack                  0x08001e78   Section        0  port.o(i.pxPortInitialiseStack)
    i.struct_to_byte                         0x08001e90   Section        0  main.o(i.struct_to_byte)
    i.uxListRemove                           0x08001ef2   Section        0  list.o(i.uxListRemove)
    i.vListInitialise                        0x08001f18   Section        0  list.o(i.vListInitialise)
    i.vListInitialiseItem                    0x08001f2e   Section        0  list.o(i.vListInitialiseItem)
    i.vListInsert                            0x08001f34   Section        0  list.o(i.vListInsert)
    i.vListInsertEnd                         0x08001f64   Section        0  list.o(i.vListInsertEnd)
    i.vPortEnterCritical                     0x08001f80   Section        0  port.o(i.vPortEnterCritical)
    i.vPortExitCritical                      0x08001f94   Section        0  port.o(i.vPortExitCritical)
    i.vPortFree                              0x08001fac   Section        0  heap_2.o(i.vPortFree)
    i.vPortYieldFromISR                      0x08001fec   Section        0  port.o(i.vPortYieldFromISR)
    i.vQueueWaitForMessageRestricted         0x08001ffc   Section        0  queue.o(i.vQueueWaitForMessageRestricted)
    i.vTaskDelay                             0x08002038   Section        0  tasks.o(i.vTaskDelay)
    i.vTaskIncrementTick                     0x08002070   Section        0  tasks.o(i.vTaskIncrementTick)
    i.vTaskMissedYield                       0x08002118   Section        0  tasks.o(i.vTaskMissedYield)
    i.vTaskPlaceOnEventList                  0x08002124   Section        0  tasks.o(i.vTaskPlaceOnEventList)
    i.vTaskPlaceOnEventListRestricted        0x0800216c   Section        0  tasks.o(i.vTaskPlaceOnEventListRestricted)
    i.vTaskPriorityDisinherit                0x0800219c   Section        0  tasks.o(i.vTaskPriorityDisinherit)
    i.vTaskPriorityInherit                   0x080021e8   Section        0  tasks.o(i.vTaskPriorityInherit)
    i.vTaskResume                            0x08002250   Section        0  tasks.o(i.vTaskResume)
    i.vTaskSetTimeOutState                   0x080022b8   Section        0  tasks.o(i.vTaskSetTimeOutState)
    i.vTaskStartScheduler                    0x080022d4   Section        0  tasks.o(i.vTaskStartScheduler)
    i.vTaskSuspend                           0x0800232c   Section        0  tasks.o(i.vTaskSuspend)
    i.vTaskSuspendAll                        0x08002394   Section        0  tasks.o(i.vTaskSuspendAll)
    i.vTaskSwitchContext                     0x080023a4   Section        0  tasks.o(i.vTaskSwitchContext)
    i.xPortStartScheduler                    0x08002404   Section        0  port.o(i.xPortStartScheduler)
    i.xQueueGenericCreate                    0x08002444   Section        0  queue.o(i.xQueueGenericCreate)
    i.xQueueGenericReceive                   0x08002494   Section        0  queue.o(i.xQueueGenericReceive)
    i.xQueueGenericReset                     0x080025b4   Section        0  queue.o(i.xQueueGenericReset)
    i.xQueueGenericSend                      0x08002616   Section        0  queue.o(i.xQueueGenericSend)
    i.xQueueGenericSendFromISR               0x080026f6   Section        0  queue.o(i.xQueueGenericSendFromISR)
    i.xTaskCheckForTimeOut                   0x08002768   Section        0  tasks.o(i.xTaskCheckForTimeOut)
    i.xTaskGenericCreate                     0x080027d0   Section        0  tasks.o(i.xTaskGenericCreate)
    i.xTaskGetCurrentTaskHandle              0x080028cc   Section        0  tasks.o(i.xTaskGetCurrentTaskHandle)
    i.xTaskGetSchedulerState                 0x080028d8   Section        0  tasks.o(i.xTaskGetSchedulerState)
    i.xTaskGetTickCount                      0x080028f4   Section        0  tasks.o(i.xTaskGetTickCount)
    i.xTaskIsTaskSuspended                   0x0800290c   Section        0  tasks.o(i.xTaskIsTaskSuspended)
    i.xTaskRemoveFromEventList               0x0800293c   Section        0  tasks.o(i.xTaskRemoveFromEventList)
    i.xTaskResumeAll                         0x080029a4   Section        0  tasks.o(i.xTaskResumeAll)
    i.xTimerCreateTimerTask                  0x08002a58   Section        0  timers.o(i.xTimerCreateTimerTask)
    i.xTimerGenericCommand                   0x08002aa0   Section        0  timers.o(i.xTimerGenericCommand)
    x$fpl$fpinit                             0x08002af4   Section       10  fpinit.o(x$fpl$fpinit)
    $v0                                      0x08002af4   Number         0  fpinit.o(x$fpl$fpinit)
    .data                                    0x20000000   Section       28  main.o(.data)
    .data                                    0x2000001c   Section       20  system_stm32f4xx.o(.data)
    .data                                    0x20000030   Section       16  stm32f4xx_rcc.o(.data)
    APBAHBPrescTable                         0x20000030   Data          16  stm32f4xx_rcc.o(.data)
    .data                                    0x20000040   Section       60  tasks.o(.data)
    uxTasksDeleted                           0x20000044   Data           4  tasks.o(.data)
    uxCurrentNumberOfTasks                   0x20000048   Data           4  tasks.o(.data)
    xTickCount                               0x2000004c   Data           4  tasks.o(.data)
    uxTopUsedPriority                        0x20000050   Data           4  tasks.o(.data)
    uxTopReadyPriority                       0x20000054   Data           4  tasks.o(.data)
    xSchedulerRunning                        0x20000058   Data           4  tasks.o(.data)
    uxSchedulerSuspended                     0x2000005c   Data           4  tasks.o(.data)
    uxMissedTicks                            0x20000060   Data           4  tasks.o(.data)
    xMissedYield                             0x20000064   Data           4  tasks.o(.data)
    xNumOfOverflows                          0x20000068   Data           4  tasks.o(.data)
    uxTaskNumber                             0x2000006c   Data           4  tasks.o(.data)
    xNextTaskUnblockTime                     0x20000070   Data           4  tasks.o(.data)
    pxDelayedTaskList                        0x20000074   Data           4  tasks.o(.data)
    pxOverflowDelayedTaskList                0x20000078   Data           4  tasks.o(.data)
    .data                                    0x2000007c   Section       16  timers.o(.data)
    xTimerQueue                              0x2000007c   Data           4  timers.o(.data)
    xLastTime                                0x20000080   Data           4  timers.o(.data)
    pxCurrentTimerList                       0x20000084   Data           4  timers.o(.data)
    pxOverflowTimerList                      0x20000088   Data           4  timers.o(.data)
    .data                                    0x2000008c   Section        4  port.o(.data)
    uxCriticalNesting                        0x2000008c   Data           4  port.o(.data)
    .data                                    0x20000090   Section       24  heap_2.o(.data)
    xFreeBytesRemaining                      0x20000090   Data           4  heap_2.o(.data)
    xHeapHasBeenInitialised                  0x20000094   Data           4  heap_2.o(.data)
    xStart                                   0x20000098   Data           8  heap_2.o(.data)
    xEnd                                     0x200000a0   Data           8  heap_2.o(.data)
    .data                                    0x200000a8   Section       27  ps2_ctrl.o(.data)
    buttons                                  0x200000a8   Data           2  ps2_ctrl.o(.data)
    last_buttons                             0x200000aa   Data           2  ps2_ctrl.o(.data)
    enter_config                             0x200000ac   Data           5  ps2_ctrl.o(.data)
    set_mode                                 0x200000b1   Data           9  ps2_ctrl.o(.data)
    exit_config                              0x200000ba   Data           9  ps2_ctrl.o(.data)
    .data                                    0x200000c4   Section       12  i2cdev.o(.data)
    finished                                 0x200000c4   Data           4  i2cdev.o(.data)
    .bss                                     0x200000d0   Section      252  main.o(.bss)
    .bss                                     0x200001cc   Section      240  tasks.o(.bss)
    pcStatusString                           0x200001cc   Data          40  tasks.o(.bss)
    pxReadyTasksLists                        0x200001f4   Data         100  tasks.o(.bss)
    xDelayedTaskList1                        0x20000258   Data          20  tasks.o(.bss)
    xDelayedTaskList2                        0x2000026c   Data          20  tasks.o(.bss)
    xPendingReadyList                        0x20000280   Data          20  tasks.o(.bss)
    xTasksWaitingTermination                 0x20000294   Data          20  tasks.o(.bss)
    xSuspendedTaskList                       0x200002a8   Data          20  tasks.o(.bss)
    .bss                                     0x200002bc   Section       40  timers.o(.bss)
    xActiveTimerList1                        0x200002bc   Data          20  timers.o(.bss)
    xActiveTimerList2                        0x200002d0   Data          20  timers.o(.bss)
    .bss                                     0x200002e8   Section    40960  heap_2.o(.bss)
    xHeap                                    0x200002e8   Data       40960  heap_2.o(.bss)
    .bss                                     0x2000a2e8   Section       44  ps2_ctrl.o(.bss)
    PS2_Data                                 0x2000a2e8   Data          21  ps2_ctrl.o(.bss)
    .bss                                     0x2000a314   Section       96  libspace.o(.bss)
    HEAP                                     0x2000a378   Section      512  startup_stm32f40_41xxx.o(HEAP)
    Heap_Mem                                 0x2000a378   Data         512  startup_stm32f40_41xxx.o(HEAP)
    STACK                                    0x2000a578   Section     1024  startup_stm32f40_41xxx.o(STACK)
    Stack_Mem                                0x2000a578   Data        1024  startup_stm32f40_41xxx.o(STACK)
    __initial_sp                             0x2000a978   Data           0  startup_stm32f40_41xxx.o(STACK)

    Global Symbols

    Symbol Name                              Value     Ov Type        Size  Object(Section)

    BuildAttributes$$THM_ISAv4$E$P$D$K$B$S$7EM$VFPi3$EXTD16$VFPS$VFMA$PE$A:L22UL41UL21$X:L11$S22US41US21$IEEE1$IW$USESV6$~STKCKD$USESV7$~SHL$OTIME$ROPI$IEEEX$EBA8$UX$STANDARDLIB$REQ8$PRES8$EABIv2 0x00000000   Number         0  anon$$obj.o ABSOLUTE
    __ARM_use_no_argv                        0x00000000   Number         0  main.o ABSOLUTE
    __ARM_exceptions_init                     - Undefined Weak Reference
    __alloca_initialize                       - Undefined Weak Reference
    __arm_fini_                               - Undefined Weak Reference
    __arm_preinit_                            - Undefined Weak Reference
    __cpp_initialize__aeabi_                  - Undefined Weak Reference
    __cxa_finalize                            - Undefined Weak Reference
    __rt_locale                               - Undefined Weak Reference
    __sigvec_lookup                           - Undefined Weak Reference
    _atexit_init                              - Undefined Weak Reference
    _call_atexit_fns                          - Undefined Weak Reference
    _clock_init                               - Undefined Weak Reference
    _fp_trap_init                             - Undefined Weak Reference
    _fp_trap_shutdown                         - Undefined Weak Reference
    _get_lc_collate                           - Undefined Weak Reference
    _get_lc_ctype                             - Undefined Weak Reference
    _get_lc_monetary                          - Undefined Weak Reference
    _get_lc_numeric                           - Undefined Weak Reference
    _get_lc_time                              - Undefined Weak Reference
    _getenv_init                              - Undefined Weak Reference
    _handle_redirection                       - Undefined Weak Reference
    _init_alloc                               - Undefined Weak Reference
    _init_user_alloc                          - Undefined Weak Reference
    _initio                                   - Undefined Weak Reference
    _printf_mbtowc                            - Undefined Weak Reference
    _printf_post_padding                      - Undefined Weak Reference
    _printf_pre_padding                       - Undefined Weak Reference
    _printf_truncate_signed                   - Undefined Weak Reference
    _printf_truncate_unsigned                 - Undefined Weak Reference
    _rand_init                                - Undefined Weak Reference
    _signal_finish                            - Undefined Weak Reference
    _signal_init                              - Undefined Weak Reference
    _terminate_alloc                          - Undefined Weak Reference
    _terminate_user_alloc                     - Undefined Weak Reference
    _terminateio                              - Undefined Weak Reference
    __Vectors_Size                           0x00000188   Number         0  startup_stm32f40_41xxx.o ABSOLUTE
    __Vectors                                0x08000000   Data           4  startup_stm32f40_41xxx.o(RESET)
    __Vectors_End                            0x08000188   Data           0  startup_stm32f40_41xxx.o(RESET)
    __main                                   0x08000189   Thumb Code     8  __main.o(!!!main)
    __scatterload                            0x08000191   Thumb Code     0  __scatter.o(!!!scatter)
    __scatterload_rt2                        0x08000191   Thumb Code    44  __scatter.o(!!!scatter)
    __scatterload_rt2_thumb_only             0x08000191   Thumb Code     0  __scatter.o(!!!scatter)
    __scatterload_null                       0x0800019f   Thumb Code     0  __scatter.o(!!!scatter)
    __scatterload_copy                       0x080001c5   Thumb Code    26  __scatter_copy.o(!!handler_copy)
    __scatterload_zeroinit                   0x080001e1   Thumb Code    28  __scatter_zi.o(!!handler_zi)
    __rt_lib_init                            0x080001fd   Thumb Code     0  libinit.o(.ARM.Collect$$libinit$$00000000)
    __rt_lib_init_fp_1                       0x080001ff   Thumb Code     0  libinit2.o(.ARM.Collect$$libinit$$00000001)
    __rt_lib_init_alloca_1                   0x08000203   Thumb Code     0  libinit2.o(.ARM.Collect$$libinit$$0000002E)
    __rt_lib_init_argv_1                     0x08000203   Thumb Code     0  libinit2.o(.ARM.Collect$$libinit$$0000002C)
    __rt_lib_init_atexit_1                   0x08000203   Thumb Code     0  libinit2.o(.ARM.Collect$$libinit$$0000001B)
    __rt_lib_init_clock_1                    0x08000203   Thumb Code     0  libinit2.o(.ARM.Collect$$libinit$$00000021)
    __rt_lib_init_cpp_1                      0x08000203   Thumb Code     0  libinit2.o(.ARM.Collect$$libinit$$00000032)
    __rt_lib_init_exceptions_1               0x08000203   Thumb Code     0  libinit2.o(.ARM.Collect$$libinit$$00000030)
    __rt_lib_init_fp_trap_1                  0x08000203   Thumb Code     0  libinit2.o(.ARM.Collect$$libinit$$0000001F)
    __rt_lib_init_getenv_1                   0x08000203   Thumb Code     0  libinit2.o(.ARM.Collect$$libinit$$00000023)
    __rt_lib_init_heap_1                     0x08000203   Thumb Code     0  libinit2.o(.ARM.Collect$$libinit$$0000000A)
    __rt_lib_init_lc_collate_1               0x08000203   Thumb Code     0  libinit2.o(.ARM.Collect$$libinit$$00000011)
    __rt_lib_init_lc_ctype_1                 0x08000203   Thumb Code     0  libinit2.o(.ARM.Collect$$libinit$$00000013)
    __rt_lib_init_lc_monetary_1              0x08000203   Thumb Code     0  libinit2.o(.ARM.Collect$$libinit$$00000015)
    __rt_lib_init_lc_numeric_1               0x08000203   Thumb Code     0  libinit2.o(.ARM.Collect$$libinit$$00000017)
    __rt_lib_init_lc_time_1                  0x08000203   Thumb Code     0  libinit2.o(.ARM.Collect$$libinit$$00000019)
    __rt_lib_init_preinit_1                  0x08000203   Thumb Code     0  libinit2.o(.ARM.Collect$$libinit$$00000004)
    __rt_lib_init_rand_1                     0x08000203   Thumb Code     0  libinit2.o(.ARM.Collect$$libinit$$0000000E)
    __rt_lib_init_return                     0x08000203   Thumb Code     0  libinit2.o(.ARM.Collect$$libinit$$00000033)
    __rt_lib_init_signal_1                   0x08000203   Thumb Code     0  libinit2.o(.ARM.Collect$$libinit$$0000001D)
    __rt_lib_init_stdio_1                    0x08000203   Thumb Code     0  libinit2.o(.ARM.Collect$$libinit$$00000025)
    __rt_lib_init_user_alloc_1               0x08000203   Thumb Code     0  libinit2.o(.ARM.Collect$$libinit$$0000000C)
    __rt_lib_shutdown                        0x08000205   Thumb Code     0  libshutdown.o(.ARM.Collect$$libshutdown$$00000000)
    __rt_lib_shutdown_cpp_1                  0x08000207   Thumb Code     0  libshutdown2.o(.ARM.Collect$$libshutdown$$00000004)
    __rt_lib_shutdown_fini_1                 0x08000207   Thumb Code     0  libshutdown2.o(.ARM.Collect$$libshutdown$$00000002)
    __rt_lib_shutdown_fp_trap_1              0x08000207   Thumb Code     0  libshutdown2.o(.ARM.Collect$$libshutdown$$00000009)
    __rt_lib_shutdown_heap_1                 0x08000207   Thumb Code     0  libshutdown2.o(.ARM.Collect$$libshutdown$$00000011)
    __rt_lib_shutdown_return                 0x08000207   Thumb Code     0  libshutdown2.o(.ARM.Collect$$libshutdown$$00000012)
    __rt_lib_shutdown_signal_1               0x08000207   Thumb Code     0  libshutdown2.o(.ARM.Collect$$libshutdown$$0000000C)
    __rt_lib_shutdown_stdio_1                0x08000207   Thumb Code     0  libshutdown2.o(.ARM.Collect$$libshutdown$$00000006)
    __rt_lib_shutdown_user_alloc_1           0x08000207   Thumb Code     0  libshutdown2.o(.ARM.Collect$$libshutdown$$0000000E)
    __rt_entry                               0x08000209   Thumb Code     0  __rtentry.o(.ARM.Collect$$rtentry$$00000000)
    __rt_entry_presh_1                       0x08000209   Thumb Code     0  __rtentry2.o(.ARM.Collect$$rtentry$$00000002)
    __rt_entry_sh                            0x08000209   Thumb Code     0  __rtentry4.o(.ARM.Collect$$rtentry$$00000004)
    __rt_entry_li                            0x0800020f   Thumb Code     0  __rtentry2.o(.ARM.Collect$$rtentry$$0000000A)
    __rt_entry_postsh_1                      0x0800020f   Thumb Code     0  __rtentry2.o(.ARM.Collect$$rtentry$$00000009)
    __rt_entry_main                          0x08000213   Thumb Code     0  __rtentry2.o(.ARM.Collect$$rtentry$$0000000D)
    __rt_entry_postli_1                      0x08000213   Thumb Code     0  __rtentry2.o(.ARM.Collect$$rtentry$$0000000C)
    __rt_exit                                0x0800021b   Thumb Code     0  rtexit.o(.ARM.Collect$$rtexit$$00000000)
    __rt_exit_ls                             0x0800021d   Thumb Code     0  rtexit2.o(.ARM.Collect$$rtexit$$00000003)
    __rt_exit_prels_1                        0x0800021d   Thumb Code     0  rtexit2.o(.ARM.Collect$$rtexit$$00000002)
    __rt_exit_exit                           0x08000221   Thumb Code     0  rtexit2.o(.ARM.Collect$$rtexit$$00000004)
    SVC_Handler                              0x08000229   Thumb Code    24  port.o(.emb_text)
    __asm___6_port_c_39a90d8d__prvStartFirstTask 0x08000245   Thumb Code    16  port.o(.emb_text)
    __asm___6_port_c_39a90d8d__prvEnableVFP  0x08000259   Thumb Code    16  port.o(.emb_text)
    PendSV_Handler                           0x0800026d   Thumb Code    76  port.o(.emb_text)
    vPortSetInterruptMask                    0x080002bd   Thumb Code    10  port.o(.emb_text)
    vPortClearInterruptMask                  0x080002c7   Thumb Code    10  port.o(.emb_text)
    Reset_Handler                            0x080002d1   Thumb Code     8  startup_stm32f40_41xxx.o(.text)
    ADC_IRQHandler                           0x080002eb   Thumb Code     0  startup_stm32f40_41xxx.o(.text)
    CAN1_RX0_IRQHandler                      0x080002eb   Thumb Code     0  startup_stm32f40_41xxx.o(.text)
    CAN1_RX1_IRQHandler                      0x080002eb   Thumb Code     0  startup_stm32f40_41xxx.o(.text)
    CAN1_SCE_IRQHandler                      0x080002eb   Thumb Code     0  startup_stm32f40_41xxx.o(.text)
    CAN1_TX_IRQHandler                       0x080002eb   Thumb Code     0  startup_stm32f40_41xxx.o(.text)
    CAN2_RX0_IRQHandler                      0x080002eb   Thumb Code     0  startup_stm32f40_41xxx.o(.text)
    CAN2_RX1_IRQHandler                      0x080002eb   Thumb Code     0  startup_stm32f40_41xxx.o(.text)
    CAN2_SCE_IRQHandler                      0x080002eb   Thumb Code     0  startup_stm32f40_41xxx.o(.text)
    CAN2_TX_IRQHandler                       0x080002eb   Thumb Code     0  startup_stm32f40_41xxx.o(.text)
    CRYP_IRQHandler                          0x080002eb   Thumb Code     0  startup_stm32f40_41xxx.o(.text)
    DCMI_IRQHandler                          0x080002eb   Thumb Code     0  startup_stm32f40_41xxx.o(.text)
    DMA1_Stream0_IRQHandler                  0x080002eb   Thumb Code     0  startup_stm32f40_41xxx.o(.text)
    DMA1_Stream1_IRQHandler                  0x080002eb   Thumb Code     0  startup_stm32f40_41xxx.o(.text)
    DMA1_Stream3_IRQHandler                  0x080002eb   Thumb Code     0  startup_stm32f40_41xxx.o(.text)
    DMA1_Stream4_IRQHandler                  0x080002eb   Thumb Code     0  startup_stm32f40_41xxx.o(.text)
    DMA1_Stream5_IRQHandler                  0x080002eb   Thumb Code     0  startup_stm32f40_41xxx.o(.text)
    DMA1_Stream6_IRQHandler                  0x080002eb   Thumb Code     0  startup_stm32f40_41xxx.o(.text)
    DMA1_Stream7_IRQHandler                  0x080002eb   Thumb Code     0  startup_stm32f40_41xxx.o(.text)
    DMA2_Stream0_IRQHandler                  0x080002eb   Thumb Code     0  startup_stm32f40_41xxx.o(.text)
    DMA2_Stream1_IRQHandler                  0x080002eb   Thumb Code     0  startup_stm32f40_41xxx.o(.text)
    DMA2_Stream2_IRQHandler                  0x080002eb   Thumb Code     0  startup_stm32f40_41xxx.o(.text)
    DMA2_Stream3_IRQHandler                  0x080002eb   Thumb Code     0  startup_stm32f40_41xxx.o(.text)
    DMA2_Stream4_IRQHandler                  0x080002eb   Thumb Code     0  startup_stm32f40_41xxx.o(.text)
    DMA2_Stream5_IRQHandler                  0x080002eb   Thumb Code     0  startup_stm32f40_41xxx.o(.text)
    DMA2_Stream6_IRQHandler                  0x080002eb   Thumb Code     0  startup_stm32f40_41xxx.o(.text)
    DMA2_Stream7_IRQHandler                  0x080002eb   Thumb Code     0  startup_stm32f40_41xxx.o(.text)
    ETH_IRQHandler                           0x080002eb   Thumb Code     0  startup_stm32f40_41xxx.o(.text)
    ETH_WKUP_IRQHandler                      0x080002eb   Thumb Code     0  startup_stm32f40_41xxx.o(.text)
    EXTI0_IRQHandler                         0x080002eb   Thumb Code     0  startup_stm32f40_41xxx.o(.text)
    EXTI15_10_IRQHandler                     0x080002eb   Thumb Code     0  startup_stm32f40_41xxx.o(.text)
    EXTI1_IRQHandler                         0x080002eb   Thumb Code     0  startup_stm32f40_41xxx.o(.text)
    EXTI2_IRQHandler                         0x080002eb   Thumb Code     0  startup_stm32f40_41xxx.o(.text)
    EXTI3_IRQHandler                         0x080002eb   Thumb Code     0  startup_stm32f40_41xxx.o(.text)
    EXTI4_IRQHandler                         0x080002eb   Thumb Code     0  startup_stm32f40_41xxx.o(.text)
    EXTI9_5_IRQHandler                       0x080002eb   Thumb Code     0  startup_stm32f40_41xxx.o(.text)
    FLASH_IRQHandler                         0x080002eb   Thumb Code     0  startup_stm32f40_41xxx.o(.text)
    FPU_IRQHandler                           0x080002eb   Thumb Code     0  startup_stm32f40_41xxx.o(.text)
    FSMC_IRQHandler                          0x080002eb   Thumb Code     0  startup_stm32f40_41xxx.o(.text)
    HASH_RNG_IRQHandler                      0x080002eb   Thumb Code     0  startup_stm32f40_41xxx.o(.text)
    I2C1_ER_IRQHandler                       0x080002eb   Thumb Code     0  startup_stm32f40_41xxx.o(.text)
    I2C1_EV_IRQHandler                       0x080002eb   Thumb Code     0  startup_stm32f40_41xxx.o(.text)
    I2C2_ER_IRQHandler                       0x080002eb   Thumb Code     0  startup_stm32f40_41xxx.o(.text)
    I2C2_EV_IRQHandler                       0x080002eb   Thumb Code     0  startup_stm32f40_41xxx.o(.text)
    I2C3_ER_IRQHandler                       0x080002eb   Thumb Code     0  startup_stm32f40_41xxx.o(.text)
    I2C3_EV_IRQHandler                       0x080002eb   Thumb Code     0  startup_stm32f40_41xxx.o(.text)
    OTG_FS_IRQHandler                        0x080002eb   Thumb Code     0  startup_stm32f40_41xxx.o(.text)
    OTG_FS_WKUP_IRQHandler                   0x080002eb   Thumb Code     0  startup_stm32f40_41xxx.o(.text)
    OTG_HS_EP1_IN_IRQHandler                 0x080002eb   Thumb Code     0  startup_stm32f40_41xxx.o(.text)
    OTG_HS_EP1_OUT_IRQHandler                0x080002eb   Thumb Code     0  startup_stm32f40_41xxx.o(.text)
    OTG_HS_IRQHandler                        0x080002eb   Thumb Code     0  startup_stm32f40_41xxx.o(.text)
    OTG_HS_WKUP_IRQHandler                   0x080002eb   Thumb Code     0  startup_stm32f40_41xxx.o(.text)
    PVD_IRQHandler                           0x080002eb   Thumb Code     0  startup_stm32f40_41xxx.o(.text)
    RCC_IRQHandler                           0x080002eb   Thumb Code     0  startup_stm32f40_41xxx.o(.text)
    RTC_Alarm_IRQHandler                     0x080002eb   Thumb Code     0  startup_stm32f40_41xxx.o(.text)
    RTC_WKUP_IRQHandler                      0x080002eb   Thumb Code     0  startup_stm32f40_41xxx.o(.text)
    SDIO_IRQHandler                          0x080002eb   Thumb Code     0  startup_stm32f40_41xxx.o(.text)
    SPI1_IRQHandler                          0x080002eb   Thumb Code     0  startup_stm32f40_41xxx.o(.text)
    SPI2_IRQHandler                          0x080002eb   Thumb Code     0  startup_stm32f40_41xxx.o(.text)
    SPI3_IRQHandler                          0x080002eb   Thumb Code     0  startup_stm32f40_41xxx.o(.text)
    TAMP_STAMP_IRQHandler                    0x080002eb   Thumb Code     0  startup_stm32f40_41xxx.o(.text)
    TIM1_BRK_TIM9_IRQHandler                 0x080002eb   Thumb Code     0  startup_stm32f40_41xxx.o(.text)
    TIM1_CC_IRQHandler                       0x080002eb   Thumb Code     0  startup_stm32f40_41xxx.o(.text)
    TIM1_TRG_COM_TIM11_IRQHandler            0x080002eb   Thumb Code     0  startup_stm32f40_41xxx.o(.text)
    TIM1_UP_TIM10_IRQHandler                 0x080002eb   Thumb Code     0  startup_stm32f40_41xxx.o(.text)
    TIM2_IRQHandler                          0x080002eb   Thumb Code     0  startup_stm32f40_41xxx.o(.text)
    TIM3_IRQHandler                          0x080002eb   Thumb Code     0  startup_stm32f40_41xxx.o(.text)
    TIM4_IRQHandler                          0x080002eb   Thumb Code     0  startup_stm32f40_41xxx.o(.text)
    TIM5_IRQHandler                          0x080002eb   Thumb Code     0  startup_stm32f40_41xxx.o(.text)
    TIM6_DAC_IRQHandler                      0x080002eb   Thumb Code     0  startup_stm32f40_41xxx.o(.text)
    TIM7_IRQHandler                          0x080002eb   Thumb Code     0  startup_stm32f40_41xxx.o(.text)
    TIM8_BRK_TIM12_IRQHandler                0x080002eb   Thumb Code     0  startup_stm32f40_41xxx.o(.text)
    TIM8_CC_IRQHandler                       0x080002eb   Thumb Code     0  startup_stm32f40_41xxx.o(.text)
    TIM8_TRG_COM_TIM14_IRQHandler            0x080002eb   Thumb Code     0  startup_stm32f40_41xxx.o(.text)
    TIM8_UP_TIM13_IRQHandler                 0x080002eb   Thumb Code     0  startup_stm32f40_41xxx.o(.text)
    UART4_IRQHandler                         0x080002eb   Thumb Code     0  startup_stm32f40_41xxx.o(.text)
    UART5_IRQHandler                         0x080002eb   Thumb Code     0  startup_stm32f40_41xxx.o(.text)
    USART1_IRQHandler                        0x080002eb   Thumb Code     0  startup_stm32f40_41xxx.o(.text)
    USART2_IRQHandler                        0x080002eb   Thumb Code     0  startup_stm32f40_41xxx.o(.text)
    USART3_IRQHandler                        0x080002eb   Thumb Code     0  startup_stm32f40_41xxx.o(.text)
    USART6_IRQHandler                        0x080002eb   Thumb Code     0  startup_stm32f40_41xxx.o(.text)
    WWDG_IRQHandler                          0x080002eb   Thumb Code     0  startup_stm32f40_41xxx.o(.text)
    __user_initial_stackheap                 0x080002ed   Thumb Code     0  startup_stm32f40_41xxx.o(.text)
    __aeabi_memcpy                           0x08000311   Thumb Code     0  rt_memcpy_v6.o(.text)
    __rt_memcpy                              0x08000311   Thumb Code   138  rt_memcpy_v6.o(.text)
    _memcpy_lastbytes                        0x08000377   Thumb Code     0  rt_memcpy_v6.o(.text)
    __aeabi_memcpy4                          0x0800039b   Thumb Code     0  rt_memcpy_w.o(.text)
    __aeabi_memcpy8                          0x0800039b   Thumb Code     0  rt_memcpy_w.o(.text)
    __rt_memcpy_w                            0x0800039b   Thumb Code   100  rt_memcpy_w.o(.text)
    _memcpy_lastbytes_aligned                0x080003e3   Thumb Code     0  rt_memcpy_w.o(.text)
    __aeabi_memset                           0x080003ff   Thumb Code    16  aeabi_memset.o(.text)
    strncpy                                  0x0800040f   Thumb Code    86  strncpy.o(.text)
    __use_two_region_memory                  0x08000465   Thumb Code     2  heapauxi.o(.text)
    __rt_heap_escrow$2region                 0x08000467   Thumb Code     2  heapauxi.o(.text)
    __rt_heap_expand$2region                 0x08000469   Thumb Code     2  heapauxi.o(.text)
    __aeabi_memclr                           0x0800046b   Thumb Code     0  rt_memclr.o(.text)
    __rt_memclr                              0x0800046b   Thumb Code    68  rt_memclr.o(.text)
    _memset                                  0x0800046f   Thumb Code     0  rt_memclr.o(.text)
    __aeabi_memclr4                          0x080004af   Thumb Code     0  rt_memclr_w.o(.text)
    __aeabi_memclr8                          0x080004af   Thumb Code     0  rt_memclr_w.o(.text)
    __rt_memclr_w                            0x080004af   Thumb Code    78  rt_memclr_w.o(.text)
    _memset_w                                0x080004b3   Thumb Code     0  rt_memclr_w.o(.text)
    __user_libspace                          0x080004fd   Thumb Code     8  libspace.o(.text)
    __user_perproc_libspace                  0x080004fd   Thumb Code     0  libspace.o(.text)
    __user_perthread_libspace                0x080004fd   Thumb Code     0  libspace.o(.text)
    __user_setup_stackheap                   0x08000505   Thumb Code    74  sys_stackheap_outer.o(.text)
    exit                                     0x0800054f   Thumb Code    18  exit.o(.text)
    _sys_exit                                0x08000561   Thumb Code     8  sys_exit.o(.text)
    __I$use$semihosting                      0x0800056d   Thumb Code     0  use_no_semi.o(.text)
    __use_no_semihosting_swi                 0x0800056d   Thumb Code     2  use_no_semi.o(.text)
    __semihosting_library_function           0x0800056f   Thumb Code     0  indicate_semi.o(.text)
    Analog                                   0x08000571   Thumb Code     6  ps2_ctrl.o(i.Analog)
    BusFault_Handler                         0x0800057d   Thumb Code     2  stm32f4xx_it.o(i.BusFault_Handler)
    Button                                   0x08000581   Thumb Code    12  ps2_ctrl.o(i.Button)
    ButtonPressed                            0x08000591   Thumb Code    22  ps2_ctrl.o(i.ButtonPressed)
    CLK_Config                               0x080005a7   Thumb Code     8  main.o(i.CLK_Config)
    DMA1_Stream2_IRQHandler                  0x080005b1   Thumb Code    42  i2cdev.o(i.DMA1_Stream2_IRQHandler)
    DMA_ClearFlag                            0x080005e9   Thumb Code    32  stm32f4xx_dma.o(i.DMA_ClearFlag)
    DMA_Cmd                                  0x08000615   Thumb Code    24  stm32f4xx_dma.o(i.DMA_Cmd)
    DMA_GetFlagStatus                        0x0800062d   Thumb Code    40  stm32f4xx_dma.o(i.DMA_GetFlagStatus)
    DMA_Init                                 0x08000661   Thumb Code    80  stm32f4xx_dma.o(i.DMA_Init)
    DebugMon_Handler                         0x080006b5   Thumb Code     2  stm32f4xx_it.o(i.DebugMon_Handler)
    Digital                                  0x080006b7   Thumb Code   182  ps2_ctrl.o(i.Digital)
    GPIO_Init                                0x0800076d   Thumb Code   124  stm32f4xx_gpio.o(i.GPIO_Init)
    GPIO_PinAFConfig                         0x080007e9   Thumb Code    32  stm32f4xx_gpio.o(i.GPIO_PinAFConfig)
    GPIO_ReadInputDataBit                    0x08000809   Thumb Code    14  stm32f4xx_gpio.o(i.GPIO_ReadInputDataBit)
    GPIO_WriteBit                            0x08000817   Thumb Code    14  stm32f4xx_gpio.o(i.GPIO_WriteBit)
    HardFault_Handler                        0x08000825   Thumb Code     2  stm32f4xx_it.o(i.HardFault_Handler)
    I2C_AcknowledgeConfig                    0x08000827   Thumb Code    24  stm32f4xx_i2c.o(i.I2C_AcknowledgeConfig)
    MemManage_Handler                        0x0800083f   Thumb Code     2  stm32f4xx_it.o(i.MemManage_Handler)
    NMI_Handler                              0x08000841   Thumb Code     2  stm32f4xx_it.o(i.NMI_Handler)
    NewButtonState                           0x08000845   Thumb Code    20  ps2_ctrl.o(i.NewButtonState)
    PS2_Pin_Config                           0x0800085d   Thumb Code    68  ps2_ctrl.o(i.PS2_Pin_Config)
    PS2_readGamePad                          0x080008a5   Thumb Code   178  ps2_ctrl.o(i.PS2_readGamePad)
    PS2_reconfigGamePad                      0x0800096d   Thumb Code    34  ps2_ctrl.o(i.PS2_reconfigGamePad)
    PS2_sendCommandString                    0x08000995   Thumb Code    66  ps2_ctrl.o(i.PS2_sendCommandString)
    PWM_Config                               0x080009dd   Thumb Code   574  main.o(i.PWM_Config)
    PWR_BackupAccessCmd                      0x08000c35   Thumb Code     6  stm32f4xx_pwr.o(i.PWR_BackupAccessCmd)
    PWR_BackupRegulatorCmd                   0x08000c41   Thumb Code     6  stm32f4xx_pwr.o(i.PWR_BackupRegulatorCmd)
    PWR_GetFlagStatus                        0x08000c4d   Thumb Code    16  stm32f4xx_pwr.o(i.PWR_GetFlagStatus)
    RCC_AHB1PeriphClockCmd                   0x08000c61   Thumb Code    22  stm32f4xx_rcc.o(i.RCC_AHB1PeriphClockCmd)
    RCC_APB1PeriphClockCmd                   0x08000c7d   Thumb Code    22  stm32f4xx_rcc.o(i.RCC_APB1PeriphClockCmd)
    RCC_APB2PeriphClockCmd                   0x08000c99   Thumb Code    22  stm32f4xx_rcc.o(i.RCC_APB2PeriphClockCmd)
    RCC_GetClocksFreq                        0x08000cb5   Thumb Code   148  stm32f4xx_rcc.o(i.RCC_GetClocksFreq)
    SRAM_Config                              0x08000e55   Thumb Code    42  main.o(i.SRAM_Config)
    SysTick_Handler                          0x08000f39   Thumb Code    26  port.o(i.SysTick_Handler)
    SystemInit                               0x08000f59   Thumb Code    74  system_stm32f4xx.o(i.SystemInit)
    TIM_ARRPreloadConfig                     0x08000fb5   Thumb Code    24  stm32f4xx_tim.o(i.TIM_ARRPreloadConfig)
    TIM_Cmd                                  0x08000fcd   Thumb Code    24  stm32f4xx_tim.o(i.TIM_Cmd)
    TIM_OC1Init                              0x08000fe5   Thumb Code    96  stm32f4xx_tim.o(i.TIM_OC1Init)
    TIM_OC1PreloadConfig                     0x0800104d   Thumb Code    12  stm32f4xx_tim.o(i.TIM_OC1PreloadConfig)
    TIM_OC2Init                              0x08001059   Thumb Code   128  stm32f4xx_tim.o(i.TIM_OC2Init)
    TIM_OC2PreloadConfig                     0x080010e1   Thumb Code    20  stm32f4xx_tim.o(i.TIM_OC2PreloadConfig)
    TIM_OC3Init                              0x080010f5   Thumb Code   124  stm32f4xx_tim.o(i.TIM_OC3Init)
    TIM_OC3PreloadConfig                     0x08001179   Thumb Code    12  stm32f4xx_tim.o(i.TIM_OC3PreloadConfig)
    TIM_OC4Init                              0x08001185   Thumb Code    92  stm32f4xx_tim.o(i.TIM_OC4Init)
    TIM_OC4PreloadConfig                     0x080011e9   Thumb Code    20  stm32f4xx_tim.o(i.TIM_OC4PreloadConfig)
    TIM_TimeBaseInit                         0x080011fd   Thumb Code    96  stm32f4xx_tim.o(i.TIM_TimeBaseInit)
    UART_DMA_Config                          0x08001379   Thumb Code   308  main.o(i.UART_DMA_Config)
    USART_Cmd                                0x080014c1   Thumb Code    24  stm32f4xx_usart.o(i.USART_Cmd)
    USART_DMACmd                             0x080014d9   Thumb Code    20  stm32f4xx_usart.o(i.USART_DMACmd)
    USART_Init                               0x080014ed   Thumb Code   180  stm32f4xx_usart.o(i.USART_Init)
    UsageFault_Handler                       0x08001729   Thumb Code     2  stm32f4xx_it.o(i.UsageFault_Handler)
    _gamepad_shiftinout                      0x0800172d   Thumb Code   128  ps2_ctrl.o(i._gamepad_shiftinout)
    main                                     0x080017b1   Thumb Code   116  main.o(i.main)
    pvPortMalloc                             0x08001dc5   Thumb Code   172  heap_2.o(i.pvPortMalloc)
    pxPortInitialiseStack                    0x08001e79   Thumb Code    24  port.o(i.pxPortInitialiseStack)
    struct_to_byte                           0x08001e91   Thumb Code    98  main.o(i.struct_to_byte)
    uxListRemove                             0x08001ef3   Thumb Code    38  list.o(i.uxListRemove)
    vListInitialise                          0x08001f19   Thumb Code    22  list.o(i.vListInitialise)
    vListInitialiseItem                      0x08001f2f   Thumb Code     6  list.o(i.vListInitialiseItem)
    vListInsert                              0x08001f35   Thumb Code    48  list.o(i.vListInsert)
    vListInsertEnd                           0x08001f65   Thumb Code    28  list.o(i.vListInsertEnd)
    vPortEnterCritical                       0x08001f81   Thumb Code    16  port.o(i.vPortEnterCritical)
    vPortExitCritical                        0x08001f95   Thumb Code    18  port.o(i.vPortExitCritical)
    vPortFree                                0x08001fad   Thumb Code    58  heap_2.o(i.vPortFree)
    vPortYieldFromISR                        0x08001fed   Thumb Code    10  port.o(i.vPortYieldFromISR)
    vQueueWaitForMessageRestricted           0x08001ffd   Thumb Code    58  queue.o(i.vQueueWaitForMessageRestricted)
    vTaskDelay                               0x08002039   Thumb Code    52  tasks.o(i.vTaskDelay)
    vTaskIncrementTick                       0x08002071   Thumb Code   160  tasks.o(i.vTaskIncrementTick)
    vTaskMissedYield                         0x08002119   Thumb Code     8  tasks.o(i.vTaskMissedYield)
    vTaskPlaceOnEventList                    0x08002125   Thumb Code    62  tasks.o(i.vTaskPlaceOnEventList)
    vTaskPlaceOnEventListRestricted          0x0800216d   Thumb Code    44  tasks.o(i.vTaskPlaceOnEventListRestricted)
    vTaskPriorityDisinherit                  0x0800219d   Thumb Code    66  tasks.o(i.vTaskPriorityDisinherit)
    vTaskPriorityInherit                     0x080021e9   Thumb Code    94  tasks.o(i.vTaskPriorityInherit)
    vTaskResume                              0x08002251   Thumb Code    94  tasks.o(i.vTaskResume)
    vTaskSetTimeOutState                     0x080022b9   Thumb Code    24  tasks.o(i.vTaskSetTimeOutState)
    vTaskStartScheduler                      0x080022d5   Thumb Code    70  tasks.o(i.vTaskStartScheduler)
    vTaskSuspend                             0x0800232d   Thumb Code    96  tasks.o(i.vTaskSuspend)
    vTaskSuspendAll                          0x08002395   Thumb Code    10  tasks.o(i.vTaskSuspendAll)
    vTaskSwitchContext                       0x080023a5   Thumb Code    86  tasks.o(i.vTaskSwitchContext)
    xPortStartScheduler                      0x08002405   Thumb Code    52  port.o(i.xPortStartScheduler)
    xQueueGenericCreate                      0x08002445   Thumb Code    80  queue.o(i.xQueueGenericCreate)
    xQueueGenericReceive                     0x08002495   Thumb Code   288  queue.o(i.xQueueGenericReceive)
    xQueueGenericReset                       0x080025b5   Thumb Code    98  queue.o(i.xQueueGenericReset)
    xQueueGenericSend                        0x08002617   Thumb Code   224  queue.o(i.xQueueGenericSend)
    xQueueGenericSendFromISR                 0x080026f7   Thumb Code   114  queue.o(i.xQueueGenericSendFromISR)
    xTaskCheckForTimeOut                     0x08002769   Thumb Code    98  tasks.o(i.xTaskCheckForTimeOut)
    xTaskGenericCreate                       0x080027d1   Thumb Code   242  tasks.o(i.xTaskGenericCreate)
    xTaskGetCurrentTaskHandle                0x080028cd   Thumb Code     6  tasks.o(i.xTaskGetCurrentTaskHandle)
    xTaskGetSchedulerState                   0x080028d9   Thumb Code    24  tasks.o(i.xTaskGetSchedulerState)
    xTaskGetTickCount                        0x080028f5   Thumb Code    18  tasks.o(i.xTaskGetTickCount)
    xTaskIsTaskSuspended                     0x0800290d   Thumb Code    42  tasks.o(i.xTaskIsTaskSuspended)
    xTaskRemoveFromEventList                 0x0800293d   Thumb Code    94  tasks.o(i.xTaskRemoveFromEventList)
    xTaskResumeAll                           0x080029a5   Thumb Code   170  tasks.o(i.xTaskResumeAll)
    xTimerCreateTimerTask                    0x08002a59   Thumb Code    54  timers.o(i.xTimerCreateTimerTask)
    xTimerGenericCommand                     0x08002aa1   Thumb Code    78  timers.o(i.xTimerGenericCommand)
    _fp_init                                 0x08002af5   Thumb Code    10  fpinit.o(x$fpl$fpinit)
    __fplib_config_fpu_vfp                   0x08002afd   Thumb Code     0  fpinit.o(x$fpl$fpinit)
    __fplib_config_pureend_doubles           0x08002afd   Thumb Code     0  fpinit.o(x$fpl$fpinit)
    Region$$Table$$Base                      0x08002b00   Number         0  anon$$obj.o(Region$$Table)
    Region$$Table$$Limit                     0x08002b20   Number         0  anon$$obj.o(Region$$Table)
    mpuIntStatus                             0x20000000   Data           1  main.o(.data)
    packetSize                               0x20000002   Data           2  main.o(.data)
    Digital_PS2                              0x20000004   Data           2  main.o(.data)
    Task_TR_Serial                           0x20000008   Data           4  main.o(.data)
    Task_UpdatePWM                           0x2000000c   Data           4  main.o(.data)
    Task_ReadPS2                             0x20000010   Data           4  main.o(.data)
    Task_RW_SRAM                             0x20000014   Data           4  main.o(.data)
    Analog_PS2                               0x20000018   Data           4  main.o(.data)
    SystemCoreClock                          0x2000001c   Data           4  system_stm32f4xx.o(.data)
    AHBPrescTable                            0x20000020   Data          16  system_stm32f4xx.o(.data)
    pxCurrentTCB                             0x20000040   Data           4  tasks.o(.data)
    DMA_Tog                                  0x200000c8   Data           4  i2cdev.o(.data)
    time_err                                 0x200000cc   Data           4  i2cdev.o(.data)
    q                                        0x200000d0   Data          16  main.o(.bss)
    RX_Buffer                                0x200000e0   Data          28  main.o(.bss)
    TX_Buffer                                0x200000fc   Data          32  main.o(.bss)
    TX_Buffer_Byte                           0x2000011c   Data          29  main.o(.bss)
    DMA_InitStructure                        0x2000013c   Data          60  main.o(.bss)
    USART_InitStructure                      0x20000178   Data          16  main.o(.bss)
    TIM_TimeBaseStructure                    0x20000188   Data          12  main.o(.bss)
    TIM_OCInitStructure                      0x20000194   Data          20  main.o(.bss)
    PWM_Sign                                 0x200001a8   Data          12  main.o(.bss)
    PWM_Current                              0x200001b4   Data          12  main.o(.bss)
    PWM_End                                  0x200001c0   Data          12  main.o(.bss)
    PS2_Pin_                                 0x2000a300   Data          20  ps2_ctrl.o(.bss)
    __libspace_start                         0x2000a314   Data          96  libspace.o(.bss)
    __temporary_stack_top$libspace           0x2000a374   Data           0  libspace.o(.bss)



==============================================================================

Memory Map of the image

  Image Entry point : 0x08000189

  Load Region LR_IROM1 (Base: 0x08000000, Size: 0x00002bf0, Max: 0x00100000, ABSOLUTE)

    Execution Region ER_IROM1 (Exec base: 0x08000000, Load base: 0x08000000, Size: 0x00002b20, Max: 0x00100000, ABSOLUTE)

    Exec Addr    Load Addr    Size         Type   Attr      Idx    E Section Name        Object

    0x08000000   0x08000000   0x00000188   Data   RO          380    RESET               startup_stm32f40_41xxx.o
    0x08000188   0x08000188   0x00000008   Code   RO         8154  * !!!main             c_w.l(__main.o)
    0x08000190   0x08000190   0x00000034   Code   RO         8459    !!!scatter          c_w.l(__scatter.o)
    0x080001c4   0x080001c4   0x0000001a   Code   RO         8461    !!handler_copy      c_w.l(__scatter_copy.o)
    0x080001de   0x080001de   0x00000002   PAD
    0x080001e0   0x080001e0   0x0000001c   Code   RO         8463    !!handler_zi        c_w.l(__scatter_zi.o)
    0x080001fc   0x080001fc   0x00000002   Code   RO         8330    .ARM.Collect$$libinit$$00000000  c_w.l(libinit.o)
    0x080001fe   0x080001fe   0x00000004   Code   RO         8333    .ARM.Collect$$libinit$$00000001  c_w.l(libinit2.o)
    0x08000202   0x08000202   0x00000000   Code   RO         8336    .ARM.Collect$$libinit$$00000004  c_w.l(libinit2.o)
    0x08000202   0x08000202   0x00000000   Code   RO         8339    .ARM.Collect$$libinit$$0000000A  c_w.l(libinit2.o)
    0x08000202   0x08000202   0x00000000   Code   RO         8341    .ARM.Collect$$libinit$$0000000C  c_w.l(libinit2.o)
    0x08000202   0x08000202   0x00000000   Code   RO         8343    .ARM.Collect$$libinit$$0000000E  c_w.l(libinit2.o)
    0x08000202   0x08000202   0x00000000   Code   RO         8346    .ARM.Collect$$libinit$$00000011  c_w.l(libinit2.o)
    0x08000202   0x08000202   0x00000000   Code   RO         8348    .ARM.Collect$$libinit$$00000013  c_w.l(libinit2.o)
    0x08000202   0x08000202   0x00000000   Code   RO         8350    .ARM.Collect$$libinit$$00000015  c_w.l(libinit2.o)
    0x08000202   0x08000202   0x00000000   Code   RO         8352    .ARM.Collect$$libinit$$00000017  c_w.l(libinit2.o)
    0x08000202   0x08000202   0x00000000   Code   RO         8354    .ARM.Collect$$libinit$$00000019  c_w.l(libinit2.o)
    0x08000202   0x08000202   0x00000000   Code   RO         8356    .ARM.Collect$$libinit$$0000001B  c_w.l(libinit2.o)
    0x08000202   0x08000202   0x00000000   Code   RO         8358    .ARM.Collect$$libinit$$0000001D  c_w.l(libinit2.o)
    0x08000202   0x08000202   0x00000000   Code   RO         8360    .ARM.Collect$$libinit$$0000001F  c_w.l(libinit2.o)
    0x08000202   0x08000202   0x00000000   Code   RO         8362    .ARM.Collect$$libinit$$00000021  c_w.l(libinit2.o)
    0x08000202   0x08000202   0x00000000   Code   RO         8364    .ARM.Collect$$libinit$$00000023  c_w.l(libinit2.o)
    0x08000202   0x08000202   0x00000000   Code   RO         8366    .ARM.Collect$$libinit$$00000025  c_w.l(libinit2.o)
    0x08000202   0x08000202   0x00000000   Code   RO         8370    .ARM.Collect$$libinit$$0000002C  c_w.l(libinit2.o)
    0x08000202   0x08000202   0x00000000   Code   RO         8372    .ARM.Collect$$libinit$$0000002E  c_w.l(libinit2.o)
    0x08000202   0x08000202   0x00000000   Code   RO         8374    .ARM.Collect$$libinit$$00000030  c_w.l(libinit2.o)
    0x08000202   0x08000202   0x00000000   Code   RO         8376    .ARM.Collect$$libinit$$00000032  c_w.l(libinit2.o)
    0x08000202   0x08000202   0x00000002   Code   RO         8377    .ARM.Collect$$libinit$$00000033  c_w.l(libinit2.o)
    0x08000204   0x08000204   0x00000002   Code   RO         8397    .ARM.Collect$$libshutdown$$00000000  c_w.l(libshutdown.o)
    0x08000206   0x08000206   0x00000000   Code   RO         8410    .ARM.Collect$$libshutdown$$00000002  c_w.l(libshutdown2.o)
    0x08000206   0x08000206   0x00000000   Code   RO         8412    .ARM.Collect$$libshutdown$$00000004  c_w.l(libshutdown2.o)
    0x08000206   0x08000206   0x00000000   Code   RO         8414    .ARM.Collect$$libshutdown$$00000006  c_w.l(libshutdown2.o)
    0x08000206   0x08000206   0x00000000   Code   RO         8417    .ARM.Collect$$libshutdown$$00000009  c_w.l(libshutdown2.o)
    0x08000206   0x08000206   0x00000000   Code   RO         8420    .ARM.Collect$$libshutdown$$0000000C  c_w.l(libshutdown2.o)
    0x08000206   0x08000206   0x00000000   Code   RO         8422    .ARM.Collect$$libshutdown$$0000000E  c_w.l(libshutdown2.o)
    0x08000206   0x08000206   0x00000000   Code   RO         8425    .ARM.Collect$$libshutdown$$00000011  c_w.l(libshutdown2.o)
    0x08000206   0x08000206   0x00000002   Code   RO         8426    .ARM.Collect$$libshutdown$$00000012  c_w.l(libshutdown2.o)
    0x08000208   0x08000208   0x00000000   Code   RO         8212    .ARM.Collect$$rtentry$$00000000  c_w.l(__rtentry.o)
    0x08000208   0x08000208   0x00000000   Code   RO         8289    .ARM.Collect$$rtentry$$00000002  c_w.l(__rtentry2.o)
    0x08000208   0x08000208   0x00000006   Code   RO         8301    .ARM.Collect$$rtentry$$00000004  c_w.l(__rtentry4.o)
    0x0800020e   0x0800020e   0x00000000   Code   RO         8291    .ARM.Collect$$rtentry$$00000009  c_w.l(__rtentry2.o)
    0x0800020e   0x0800020e   0x00000004   Code   RO         8292    .ARM.Collect$$rtentry$$0000000A  c_w.l(__rtentry2.o)
    0x08000212   0x08000212   0x00000000   Code   RO         8294    .ARM.Collect$$rtentry$$0000000C  c_w.l(__rtentry2.o)
    0x08000212   0x08000212   0x00000008   Code   RO         8295    .ARM.Collect$$rtentry$$0000000D  c_w.l(__rtentry2.o)
    0x0800021a   0x0800021a   0x00000002   Code   RO         8331    .ARM.Collect$$rtexit$$00000000  c_w.l(rtexit.o)
    0x0800021c   0x0800021c   0x00000000   Code   RO         8379    .ARM.Collect$$rtexit$$00000002  c_w.l(rtexit2.o)
    0x0800021c   0x0800021c   0x00000004   Code   RO         8380    .ARM.Collect$$rtexit$$00000003  c_w.l(rtexit2.o)
    0x08000220   0x08000220   0x00000006   Code   RO         8381    .ARM.Collect$$rtexit$$00000004  c_w.l(rtexit2.o)
    0x08000226   0x08000226   0x00000002   PAD
    0x08000228   0x08000228   0x000000a8   Code   RO         6028    .emb_text           port.o
    0x080002d0   0x080002d0   0x00000040   Code   RO          381    .text               startup_stm32f40_41xxx.o
    0x08000310   0x08000310   0x0000008a   Code   RO         8144    .text               c_w.l(rt_memcpy_v6.o)
    0x0800039a   0x0800039a   0x00000064   Code   RO         8146    .text               c_w.l(rt_memcpy_w.o)
    0x080003fe   0x080003fe   0x00000010   Code   RO         8148    .text               c_w.l(aeabi_memset.o)
    0x0800040e   0x0800040e   0x00000056   Code   RO         8150    .text               c_w.l(strncpy.o)
    0x08000464   0x08000464   0x00000006   Code   RO         8152    .text               c_w.l(heapauxi.o)
    0x0800046a   0x0800046a   0x00000044   Code   RO         8224    .text               c_w.l(rt_memclr.o)
    0x080004ae   0x080004ae   0x0000004e   Code   RO         8310    .text               c_w.l(rt_memclr_w.o)
    0x080004fc   0x080004fc   0x00000008   Code   RO         8318    .text               c_w.l(libspace.o)
    0x08000504   0x08000504   0x0000004a   Code   RO         8321    .text               c_w.l(sys_stackheap_outer.o)
    0x0800054e   0x0800054e   0x00000012   Code   RO         8323    .text               c_w.l(exit.o)
    0x08000560   0x08000560   0x0000000c   Code   RO         8389    .text               c_w.l(sys_exit.o)
    0x0800056c   0x0800056c   0x00000002   Code   RO         8400    .text               c_w.l(use_no_semi.o)
    0x0800056e   0x0800056e   0x00000000   Code   RO         8402    .text               c_w.l(indicate_semi.o)
    0x0800056e   0x0800056e   0x00000002   PAD
    0x08000570   0x08000570   0x0000000c   Code   RO         6132    i.Analog            ps2_ctrl.o
    0x0800057c   0x0800057c   0x00000002   Code   RO          265    i.BusFault_Handler  stm32f4xx_it.o
    0x0800057e   0x0800057e   0x00000002   PAD
    0x08000580   0x08000580   0x00000010   Code   RO         6133    i.Button            ps2_ctrl.o
    0x08000590   0x08000590   0x00000016   Code   RO         6134    i.ButtonPressed     ps2_ctrl.o
    0x080005a6   0x080005a6   0x00000008   Code   RO            4    i.CLK_Config        main.o
    0x080005ae   0x080005ae   0x00000002   PAD
    0x080005b0   0x080005b0   0x00000038   Code   RO         6223    i.DMA1_Stream2_IRQHandler  i2cdev.o
    0x080005e8   0x080005e8   0x0000002c   Code   RO         1487    i.DMA_ClearFlag     stm32f4xx_dma.o
    0x08000614   0x08000614   0x00000018   Code   RO         1489    i.DMA_Cmd           stm32f4xx_dma.o
    0x0800062c   0x0800062c   0x00000034   Code   RO         1498    i.DMA_GetFlagStatus  stm32f4xx_dma.o
    0x08000660   0x08000660   0x00000054   Code   RO         1501    i.DMA_Init          stm32f4xx_dma.o
    0x080006b4   0x080006b4   0x00000002   Code   RO          266    i.DebugMon_Handler  stm32f4xx_it.o
    0x080006b6   0x080006b6   0x000000b6   Code   RO         6135    i.Digital           ps2_ctrl.o
    0x0800076c   0x0800076c   0x0000007c   Code   RO         2289    i.GPIO_Init         stm32f4xx_gpio.o
    0x080007e8   0x080007e8   0x00000020   Code   RO         2290    i.GPIO_PinAFConfig  stm32f4xx_gpio.o
    0x08000808   0x08000808   0x0000000e   Code   RO         2293    i.GPIO_ReadInputDataBit  stm32f4xx_gpio.o
    0x08000816   0x08000816   0x0000000e   Code   RO         2301    i.GPIO_WriteBit     stm32f4xx_gpio.o
    0x08000824   0x08000824   0x00000002   Code   RO          267    i.HardFault_Handler  stm32f4xx_it.o
    0x08000826   0x08000826   0x00000018   Code   RO         2577    i.I2C_AcknowledgeConfig  stm32f4xx_i2c.o
    0x0800083e   0x0800083e   0x00000002   Code   RO          268    i.MemManage_Handler  stm32f4xx_it.o
    0x08000840   0x08000840   0x00000002   Code   RO          269    i.NMI_Handler       stm32f4xx_it.o
    0x08000842   0x08000842   0x00000002   PAD
    0x08000844   0x08000844   0x00000018   Code   RO         6136    i.NewButtonState    ps2_ctrl.o
    0x0800085c   0x0800085c   0x00000048   Code   RO         6137    i.PS2_Pin_Config    ps2_ctrl.o
    0x080008a4   0x080008a4   0x000000c8   Code   RO         6139    i.PS2_readGamePad   ps2_ctrl.o
    0x0800096c   0x0800096c   0x00000028   Code   RO         6140    i.PS2_reconfigGamePad  ps2_ctrl.o
    0x08000994   0x08000994   0x00000048   Code   RO         6141    i.PS2_sendCommandString  ps2_ctrl.o
    0x080009dc   0x080009dc   0x00000258   Code   RO            6    i.PWM_Config        main.o
    0x08000c34   0x08000c34   0x0000000c   Code   RO         3080    i.PWR_BackupAccessCmd  stm32f4xx_pwr.o
    0x08000c40   0x08000c40   0x0000000c   Code   RO         3081    i.PWR_BackupRegulatorCmd  stm32f4xx_pwr.o
    0x08000c4c   0x08000c4c   0x00000014   Code   RO         3088    i.PWR_GetFlagStatus  stm32f4xx_pwr.o
    0x08000c60   0x08000c60   0x0000001c   Code   RO         3215    i.RCC_AHB1PeriphClockCmd  stm32f4xx_rcc.o
    0x08000c7c   0x08000c7c   0x0000001c   Code   RO         3224    i.RCC_APB1PeriphClockCmd  stm32f4xx_rcc.o
    0x08000c98   0x08000c98   0x0000001c   Code   RO         3227    i.RCC_APB2PeriphClockCmd  stm32f4xx_rcc.o
    0x08000cb4   0x08000cb4   0x000000a0   Code   RO         3236    i.RCC_GetClocksFreq  stm32f4xx_rcc.o
    0x08000d54   0x08000d54   0x000000a0   Code   RO            7    i.RW_SRAM           main.o
    0x08000df4   0x08000df4   0x00000060   Code   RO            8    i.ReadPS2           main.o
    0x08000e54   0x08000e54   0x0000002a   Code   RO            9    i.SRAM_Config       main.o
    0x08000e7e   0x08000e7e   0x00000002   PAD
    0x08000e80   0x08000e80   0x000000b8   Code   RO          340    i.SetSysClock       system_stm32f4xx.o
    0x08000f38   0x08000f38   0x00000020   Code   RO         6029    i.SysTick_Handler   port.o
    0x08000f58   0x08000f58   0x0000005c   Code   RO          342    i.SystemInit        system_stm32f4xx.o
    0x08000fb4   0x08000fb4   0x00000018   Code   RO         4599    i.TIM_ARRPreloadConfig  stm32f4xx_tim.o
    0x08000fcc   0x08000fcc   0x00000018   Code   RO         4611    i.TIM_Cmd           stm32f4xx_tim.o
    0x08000fe4   0x08000fe4   0x00000068   Code   RO         4640    i.TIM_OC1Init       stm32f4xx_tim.o
    0x0800104c   0x0800104c   0x0000000c   Code   RO         4643    i.TIM_OC1PreloadConfig  stm32f4xx_tim.o
    0x08001058   0x08001058   0x00000088   Code   RO         4645    i.TIM_OC2Init       stm32f4xx_tim.o
    0x080010e0   0x080010e0   0x00000014   Code   RO         4648    i.TIM_OC2PreloadConfig  stm32f4xx_tim.o
    0x080010f4   0x080010f4   0x00000084   Code   RO         4650    i.TIM_OC3Init       stm32f4xx_tim.o
    0x08001178   0x08001178   0x0000000c   Code   RO         4653    i.TIM_OC3PreloadConfig  stm32f4xx_tim.o
    0x08001184   0x08001184   0x00000064   Code   RO         4655    i.TIM_OC4Init       stm32f4xx_tim.o
    0x080011e8   0x080011e8   0x00000014   Code   RO         4657    i.TIM_OC4PreloadConfig  stm32f4xx_tim.o
    0x080011fc   0x080011fc   0x0000007c   Code   RO         4683    i.TIM_TimeBaseInit  stm32f4xx_tim.o
    0x08001278   0x08001278   0x00000100   Code   RO           10    i.TR_Serial         main.o
    0x08001378   0x08001378   0x00000148   Code   RO           11    i.UART_DMA_Config   main.o
    0x080014c0   0x080014c0   0x00000018   Code   RO         5165    i.USART_Cmd         stm32f4xx_usart.o
    0x080014d8   0x080014d8   0x00000014   Code   RO         5166    i.USART_DMACmd      stm32f4xx_usart.o
    0x080014ec   0x080014ec   0x000000bc   Code   RO         5172    i.USART_Init        stm32f4xx_usart.o
    0x080015a8   0x080015a8   0x00000180   Code   RO           12    i.UpdatePWM         main.o
    0x08001728   0x08001728   0x00000002   Code   RO          273    i.UsageFault_Handler  stm32f4xx_it.o
    0x0800172a   0x0800172a   0x00000002   PAD
    0x0800172c   0x0800172c   0x00000084   Code   RO         6142    i._gamepad_shiftinout  ps2_ctrl.o
    0x080017b0   0x080017b0   0x000000c4   Code   RO           13    i.main              main.o
    0x08001874   0x08001874   0x00000038   Code   RO         5675    i.prvAddCurrentTaskToDelayedList  tasks.o
    0x080018ac   0x080018ac   0x00000038   Code   RO         5676    i.prvAllocateTCBAndStack  tasks.o
    0x080018e4   0x080018e4   0x00000040   Code   RO         5941    i.prvCheckForValidListAndQueue  timers.o
    0x08001924   0x08001924   0x00000054   Code   RO         5677    i.prvCheckTasksWaitingTermination  tasks.o
    0x08001978   0x08001978   0x00000028   Code   RO         5513    i.prvCopyDataFromQueue  queue.o
    0x080019a0   0x080019a0   0x0000005c   Code   RO         5514    i.prvCopyDataToQueue  queue.o
    0x080019fc   0x080019fc   0x00000014   Code   RO         5678    i.prvDeleteTCB      tasks.o
    0x08001a10   0x08001a10   0x00000024   Code   RO         5942    i.prvGetNextExpireTime  timers.o
    0x08001a34   0x08001a34   0x00000018   Code   RO         5679    i.prvIdleTask       tasks.o
    0x08001a4c   0x08001a4c   0x0000003a   Code   RO         5680    i.prvInitialiseTCBVariables  tasks.o
    0x08001a86   0x08001a86   0x00000002   PAD
    0x08001a88   0x08001a88   0x00000058   Code   RO         5681    i.prvInitialiseTaskLists  tasks.o
    0x08001ae0   0x08001ae0   0x00000040   Code   RO         5943    i.prvInsertTimerInActiveList  timers.o
    0x08001b20   0x08001b20   0x0000001a   Code   RO         5515    i.prvIsQueueEmpty   queue.o
    0x08001b3a   0x08001b3a   0x0000001e   Code   RO         5516    i.prvIsQueueFull    queue.o
    0x08001b58   0x08001b58   0x00000054   Code   RO         5944    i.prvProcessExpiredTimer  timers.o
    0x08001bac   0x08001bac   0x000000a4   Code   RO         5945    i.prvProcessReceivedCommands  timers.o
    0x08001c50   0x08001c50   0x0000004c   Code   RO         5946    i.prvProcessTimerOrBlockTask  timers.o
    0x08001c9c   0x08001c9c   0x0000002c   Code   RO         5947    i.prvSampleTimeNow  timers.o
    0x08001cc8   0x08001cc8   0x00000020   Code   RO         6030    i.prvSetupTimerInterrupt  port.o
    0x08001ce8   0x08001ce8   0x00000064   Code   RO         5948    i.prvSwitchTimerLists  timers.o
    0x08001d4c   0x08001d4c   0x00000014   Code   RO         5949    i.prvTimerTask      timers.o
    0x08001d60   0x08001d60   0x00000064   Code   RO         5517    i.prvUnlockQueue    queue.o
    0x08001dc4   0x08001dc4   0x000000b4   Code   RO         6096    i.pvPortMalloc      heap_2.o
    0x08001e78   0x08001e78   0x00000018   Code   RO         6031    i.pxPortInitialiseStack  port.o
    0x08001e90   0x08001e90   0x00000062   Code   RO           14    i.struct_to_byte    main.o
    0x08001ef2   0x08001ef2   0x00000026   Code   RO         5471    i.uxListRemove      list.o
    0x08001f18   0x08001f18   0x00000016   Code   RO         5472    i.vListInitialise   list.o
    0x08001f2e   0x08001f2e   0x00000006   Code   RO         5473    i.vListInitialiseItem  list.o
    0x08001f34   0x08001f34   0x00000030   Code   RO         5474    i.vListInsert       list.o
    0x08001f64   0x08001f64   0x0000001c   Code   RO         5475    i.vListInsertEnd    list.o
    0x08001f80   0x08001f80   0x00000014   Code   RO         6033    i.vPortEnterCritical  port.o
    0x08001f94   0x08001f94   0x00000018   Code   RO         6034    i.vPortExitCritical  port.o
    0x08001fac   0x08001fac   0x00000040   Code   RO         6097    i.vPortFree         heap_2.o
    0x08001fec   0x08001fec   0x00000010   Code   RO         6035    i.vPortYieldFromISR  port.o
    0x08001ffc   0x08001ffc   0x0000003a   Code   RO         5526    i.vQueueWaitForMessageRestricted  queue.o
    0x08002036   0x08002036   0x00000002   PAD
    0x08002038   0x08002038   0x00000038   Code   RO         5687    i.vTaskDelay        tasks.o
    0x08002070   0x08002070   0x000000a8   Code   RO         5691    i.vTaskIncrementTick  tasks.o
    0x08002118   0x08002118   0x0000000c   Code   RO         5693    i.vTaskMissedYield  tasks.o
    0x08002124   0x08002124   0x00000048   Code   RO         5694    i.vTaskPlaceOnEventList  tasks.o
    0x0800216c   0x0800216c   0x00000030   Code   RO         5695    i.vTaskPlaceOnEventListRestricted  tasks.o
    0x0800219c   0x0800219c   0x0000004c   Code   RO         5696    i.vTaskPriorityDisinherit  tasks.o
    0x080021e8   0x080021e8   0x00000068   Code   RO         5697    i.vTaskPriorityInherit  tasks.o
    0x08002250   0x08002250   0x00000068   Code   RO         5699    i.vTaskResume       tasks.o
    0x080022b8   0x080022b8   0x0000001c   Code   RO         5701    i.vTaskSetTimeOutState  tasks.o
    0x080022d4   0x080022d4   0x00000058   Code   RO         5702    i.vTaskStartScheduler  tasks.o
    0x0800232c   0x0800232c   0x00000068   Code   RO         5703    i.vTaskSuspend      tasks.o
    0x08002394   0x08002394   0x00000010   Code   RO         5704    i.vTaskSuspendAll   tasks.o
    0x080023a4   0x080023a4   0x00000060   Code   RO         5705    i.vTaskSwitchContext  tasks.o
    0x08002404   0x08002404   0x00000040   Code   RO         6036    i.xPortStartScheduler  port.o
    0x08002444   0x08002444   0x00000050   Code   RO         5529    i.xQueueGenericCreate  queue.o
    0x08002494   0x08002494   0x00000120   Code   RO         5530    i.xQueueGenericReceive  queue.o
    0x080025b4   0x080025b4   0x00000062   Code   RO         5531    i.xQueueGenericReset  queue.o
    0x08002616   0x08002616   0x000000e0   Code   RO         5532    i.xQueueGenericSend  queue.o
    0x080026f6   0x080026f6   0x00000072   Code   RO         5533    i.xQueueGenericSendFromISR  queue.o
    0x08002768   0x08002768   0x00000068   Code   RO         5706    i.xTaskCheckForTimeOut  tasks.o
    0x080027d0   0x080027d0   0x000000fc   Code   RO         5707    i.xTaskGenericCreate  tasks.o
    0x080028cc   0x080028cc   0x0000000c   Code   RO         5708    i.xTaskGetCurrentTaskHandle  tasks.o
    0x080028d8   0x080028d8   0x0000001c   Code   RO         5709    i.xTaskGetSchedulerState  tasks.o
    0x080028f4   0x080028f4   0x00000018   Code   RO         5710    i.xTaskGetTickCount  tasks.o
    0x0800290c   0x0800290c   0x00000030   Code   RO         5712    i.xTaskIsTaskSuspended  tasks.o
    0x0800293c   0x0800293c   0x00000068   Code   RO         5713    i.xTaskRemoveFromEventList  tasks.o
    0x080029a4   0x080029a4   0x000000b4   Code   RO         5714    i.xTaskResumeAll    tasks.o
    0x08002a58   0x08002a58   0x00000048   Code   RO         5952    i.xTimerCreateTimerTask  timers.o
    0x08002aa0   0x08002aa0   0x00000054   Code   RO         5953    i.xTimerGenericCommand  timers.o
    0x08002af4   0x08002af4   0x0000000a   Code   RO         8387    x$fpl$fpinit        fz_wm.l(fpinit.o)
    0x08002afe   0x08002afe   0x00000002   PAD
    0x08002b00   0x08002b00   0x00000020   Data   RO         8457    Region$$Table       anon$$obj.o


    Execution Region RW_IRAM1 (Exec base: 0x20000000, Load base: 0x08002b20, Size: 0x0000a978, Max: 0x00020000, ABSOLUTE)

    Exec Addr    Load Addr    Size         Type   Attr      Idx    E Section Name        Object

    0x20000000   0x08002b20   0x0000001c   Data   RW           21    .data               main.o
    0x2000001c   0x08002b3c   0x00000014   Data   RW          343    .data               system_stm32f4xx.o
    0x20000030   0x08002b50   0x00000010   Data   RW         3268    .data               stm32f4xx_rcc.o
    0x20000040   0x08002b60   0x0000003c   Data   RW         5717    .data               tasks.o
    0x2000007c   0x08002b9c   0x00000010   Data   RW         5956    .data               timers.o
    0x2000008c   0x08002bac   0x00000004   Data   RW         6037    .data               port.o
    0x20000090   0x08002bb0   0x00000018   Data   RW         6101    .data               heap_2.o
    0x200000a8   0x08002bc8   0x0000001b   Data   RW         6144    .data               ps2_ctrl.o
    0x200000c3   0x08002be3   0x00000001   PAD
    0x200000c4   0x08002be4   0x0000000c   Data   RW         6244    .data               i2cdev.o
    0x200000d0        -       0x000000fc   Zero   RW           16    .bss                main.o
    0x200001cc        -       0x000000f0   Zero   RW         5716    .bss                tasks.o
    0x200002bc        -       0x00000028   Zero   RW         5955    .bss                timers.o
    0x200002e4   0x08002bf0   0x00000004   PAD
    0x200002e8        -       0x0000a000   Zero   RW         6100    .bss                heap_2.o
    0x2000a2e8        -       0x0000002c   Zero   RW         6143    .bss                ps2_ctrl.o
    0x2000a314        -       0x00000060   Zero   RW         8319    .bss                c_w.l(libspace.o)
    0x2000a374   0x08002bf0   0x00000004   PAD
    0x2000a378        -       0x00000200   Zero   RW          379    HEAP                startup_stm32f40_41xxx.o
    0x2000a578        -       0x00000400   Zero   RW          378    STACK               startup_stm32f40_41xxx.o


==============================================================================

Image component sizes


      Code (inc. data)   RO Data    RW Data    ZI Data      Debug   Object Name

       244         14          0         24      40960       3599   heap_2.o
        56         14          0         12          0        785   i2cdev.o
       142          0          0          0          0       4618   list.o
      2168        182          0         28        252     335358   main.o
         0          0          0          0          0     234912   misc.o
       380         58          0          4          0       4849   port.o
       772         56          0         27         44       8395   ps2_ctrl.o
      1150          0          0          0          0      10614   queue.o
        64         26        392          0       1536        820   startup_stm32f40_41xxx.o
       204         28          0          0          0       3789   stm32f4xx_dma.o
       184          0          0          0          0       3015   stm32f4xx_gpio.o
        24          0          0          0          0       1016   stm32f4xx_i2c.o
        12          0          0          0          0       2545   stm32f4xx_it.o
        44         16          0          0          0       1655   stm32f4xx_pwr.o
       244         30          0         16          0       4807   stm32f4xx_rcc.o
       708         60          0          0          0       8308   stm32f4xx_tim.o
       232          8          0          0          0       2832   stm32f4xx_usart.o
       276         34          0         20          0       1649   system_stm32f4xx.o
      2110        196          0         60        240      24608   tasks.o
       808         66          0         16         40       8687   timers.o

    ----------------------------------------------------------------------
      9836        788        424        208      43076     666861   Object Totals
         0          0         32          0          0          0   (incl. Generated)
        14          0          0          1          4          0   (incl. Padding)

    ----------------------------------------------------------------------

      Code (inc. data)   RO Data    RW Data    ZI Data      Debug   Library Member Name

         8          0          0          0          0         68   __main.o
         0          0          0          0          0          0   __rtentry.o
        12          0          0          0          0          0   __rtentry2.o
         6          0          0          0          0          0   __rtentry4.o
        52          8          0          0          0          0   __scatter.o
        26          0          0          0          0          0   __scatter_copy.o
        28          0          0          0          0          0   __scatter_zi.o
        16          0          0          0          0         68   aeabi_memset.o
        18          0          0          0          0         80   exit.o
         6          0          0          0          0        152   heapauxi.o
         0          0          0          0          0          0   indicate_semi.o
         2          0          0          0          0          0   libinit.o
         6          0          0          0          0          0   libinit2.o
         2          0          0          0          0          0   libshutdown.o
         2          0          0          0          0          0   libshutdown2.o
         8          4          0          0         96         68   libspace.o
        68          0          0          0          0         68   rt_memclr.o
        78          0          0          0          0         80   rt_memclr_w.o
       138          0          0          0          0         68   rt_memcpy_v6.o
       100          0          0          0          0         80   rt_memcpy_w.o
         2          0          0          0          0          0   rtexit.o
        10          0          0          0          0          0   rtexit2.o
        86          0          0          0          0         76   strncpy.o
        12          4          0          0          0         68   sys_exit.o
        74          0          0          0          0         80   sys_stackheap_outer.o
         2          0          0          0          0         68   use_no_semi.o
        10          0          0          0          0        116   fpinit.o

    ----------------------------------------------------------------------
       780         16          0          0        100       1140   Library Totals
         8          0          0          0          4          0   (incl. Padding)

    ----------------------------------------------------------------------

      Code (inc. data)   RO Data    RW Data    ZI Data      Debug   Library Name

       762         16          0          0         96       1024   c_w.l
        10          0          0          0          0        116   fz_wm.l

    ----------------------------------------------------------------------
       780         16          0          0        100       1140   Library Totals

    ----------------------------------------------------------------------

==============================================================================


      Code (inc. data)   RO Data    RW Data    ZI Data      Debug   

     10616        804        424        208      43176     655833   Grand Totals
     10616        804        424        208      43176     655833   ELF Image Totals
     10616        804        424        208          0          0   ROM Totals

==============================================================================

    Total RO  Size (Code + RO Data)                11040 (  10.78kB)
    Total RW  Size (RW Data + ZI Data)             43384 (  42.37kB)
    Total ROM Size (Code + RO Data + RW Data)      11248 (  10.98kB)

==============================================================================

